
===========================================================================
report_checks -unconstrained
===========================================================================
======================= Typical Corner ===================================

Startpoint: mcand[14] (input port clocked by clk)
Endpoint: _918_ (rising edge-triggered flip-flop clocked by clk)
Path Group: clk
Path Type: max

Fanout     Cap    Slew   Delay    Time   Description
-----------------------------------------------------------------------------
                          0.00    0.00   clock clk (rise edge)
                          0.00    0.00   clock network delay (propagated)
                          4.00    4.00 v input external delay
                  0.01    0.00    4.00 v mcand[14] (in)
     1    0.00                           mcand[14] (net)
                  0.01    0.00    4.00 v input6/A (sky130_fd_sc_hd__buf_1)
                  0.03    0.08    4.08 v input6/X (sky130_fd_sc_hd__buf_1)
     2    0.00                           net6 (net)
                  0.03    0.00    4.08 v _590_/B (sky130_fd_sc_hd__and2_1)
                  0.06    0.18    4.26 v _590_/X (sky130_fd_sc_hd__and2_1)
     4    0.01                           _202_ (net)
                  0.06    0.00    4.26 v _607_/A (sky130_fd_sc_hd__or3_1)
                  0.07    0.39    4.65 v _607_/X (sky130_fd_sc_hd__or3_1)
     2    0.00                           _217_ (net)
                  0.07    0.00    4.65 v _608_/D (sky130_fd_sc_hd__or4_1)
                  0.10    0.44    5.09 v _608_/X (sky130_fd_sc_hd__or4_1)
     2    0.00                           _218_ (net)
                  0.10    0.00    5.09 v _612_/A2 (sky130_fd_sc_hd__o221a_1)
                  0.04    0.26    5.35 v _612_/X (sky130_fd_sc_hd__o221a_1)
     1    0.00                           _222_ (net)
                  0.04    0.00    5.35 v _613_/B1 (sky130_fd_sc_hd__o31a_2)
                  0.08    0.14    5.49 v _613_/X (sky130_fd_sc_hd__o31a_2)
     3    0.01                           _223_ (net)
                  0.08    0.00    5.49 v _656_/A1 (sky130_fd_sc_hd__o211ai_4)
                  0.17    0.22    5.71 ^ _656_/Y (sky130_fd_sc_hd__o211ai_4)
     4    0.01                           _262_ (net)
                  0.17    0.00    5.71 ^ _689_/A1 (sky130_fd_sc_hd__a21oi_1)
                  0.09    0.12    5.83 v _689_/Y (sky130_fd_sc_hd__a21oi_1)
     3    0.01                           _291_ (net)
                  0.09    0.00    5.83 v _693_/A (sky130_fd_sc_hd__or2_2)
                  0.08    0.36    6.19 v _693_/X (sky130_fd_sc_hd__or2_2)
     5    0.01                           _295_ (net)
                  0.08    0.00    6.19 v _709_/A2 (sky130_fd_sc_hd__a311o_1)
                  0.08    0.36    6.55 v _709_/X (sky130_fd_sc_hd__a311o_1)
     3    0.01                           _309_ (net)
                  0.08    0.00    6.55 v _717_/A2 (sky130_fd_sc_hd__a22o_1)
                  0.04    0.24    6.79 v _717_/X (sky130_fd_sc_hd__a22o_1)
     1    0.00                           _316_ (net)
                  0.04    0.00    6.79 v _718_/A2 (sky130_fd_sc_hd__a21oi_1)
                  0.10    0.13    6.93 ^ _718_/Y (sky130_fd_sc_hd__a21oi_1)
     1    0.00                           _317_ (net)
                  0.10    0.00    6.93 ^ _719_/C1 (sky130_fd_sc_hd__a211o_1)
                  0.04    0.11    7.03 ^ _719_/X (sky130_fd_sc_hd__a211o_1)
     1    0.00                           _318_ (net)
                  0.04    0.00    7.03 ^ _720_/C1 (sky130_fd_sc_hd__o211a_1)
                  0.04    0.12    7.15 ^ _720_/X (sky130_fd_sc_hd__o211a_1)
     1    0.00                           _029_ (net)
                  0.04    0.00    7.15 ^ _918_/D (sky130_fd_sc_hd__dfxtp_1)
                                  7.15   data arrival time

                         20.00   20.00   clock clk (rise edge)
                          0.00   20.00   clock source latency
                  0.04    0.03   20.03 ^ clk (in)
     1    0.01                           clk (net)
                  0.04    0.00   20.03 ^ clkbuf_0_clk/A (sky130_fd_sc_hd__clkbuf_16)
                  0.08    0.15   20.18 ^ clkbuf_0_clk/X (sky130_fd_sc_hd__clkbuf_16)
     8    0.06                           clknet_0_clk (net)
                  0.08    0.00   20.18 ^ clkbuf_3_3__f_clk/A (sky130_fd_sc_hd__clkbuf_16)
                  0.05    0.14   20.31 ^ clkbuf_3_3__f_clk/X (sky130_fd_sc_hd__clkbuf_16)
    13    0.02                           clknet_3_3__leaf_clk (net)
                  0.05    0.00   20.31 ^ _918_/CLK (sky130_fd_sc_hd__dfxtp_1)
                         -0.25   20.06   clock uncertainty
                          0.00   20.06   clock reconvergence pessimism
                         -0.05   20.01   library setup time
                                 20.01   data required time
-----------------------------------------------------------------------------
                                 20.01   data required time
                                 -7.15   data arrival time
-----------------------------------------------------------------------------
                                 12.86   slack (MET)




===========================================================================
report_checks --slack_max -0.01
============================================================================
======================= Typical Corner ===================================

No paths found.


===========================================================================
 report_check_types -max_slew -max_cap -max_fanout -violators
============================================================================
======================= Typical Corner ===================================

max fanout

Pin                                   Limit Fanout  Slack
---------------------------------------------------------
clkbuf_3_3__f_clk/X                      10     13     -3 (VIOLATED)
clkbuf_3_1__f_clk/X                      10     12     -2 (VIOLATED)



===========================================================================
report_parasitic_annotation -report_unannotated
============================================================================
Found 755 unannotated drivers.
 clk
 mcand[0]
 mcand[10]
 mcand[11]
 mcand[12]
 mcand[13]
 mcand[14]
 mcand[15]
 mcand[16]
 mcand[17]
 mcand[18]
 mcand[19]
 mcand[1]
 mcand[20]
 mcand[21]
 mcand[22]
 mcand[23]
 mcand[24]
 mcand[25]
 mcand[26]
 mcand[27]
 mcand[28]
 mcand[29]
 mcand[2]
 mcand[30]
 mcand[31]
 mcand[3]
 mcand[4]
 mcand[5]
 mcand[6]
 mcand[7]
 mcand[8]
 mcand[9]
 mplier[0]
 mplier[10]
 mplier[11]
 mplier[12]
 mplier[13]
 mplier[14]
 mplier[15]
 mplier[16]
 mplier[17]
 mplier[18]
 mplier[19]
 mplier[1]
 mplier[20]
 mplier[21]
 mplier[22]
 mplier[23]
 mplier[24]
 mplier[25]
 mplier[26]
 mplier[27]
 mplier[28]
 mplier[29]
 mplier[2]
 mplier[30]
 mplier[31]
 mplier[3]
 mplier[4]
 mplier[5]
 mplier[6]
 mplier[7]
 mplier[8]
 mplier[9]
 st
 _444_/X
 _445_/X
 _446_/Y
 _447_/X
 _448_/X
 _449_/Y
 _450_/X
 _451_/X
 _452_/X
 _453_/Y
 _454_/Y
 _455_/X
 _456_/Y
 _457_/Y
 _458_/X
 _459_/X
 _460_/Y
 _461_/X
 _462_/X
 _463_/X
 _464_/X
 _465_/Y
 _466_/X
 _467_/Y
 _468_/X
 _469_/X
 _470_/X
 _471_/X
 _472_/X
 _473_/Y
 _474_/X
 _475_/X
 _476_/X
 _477_/X
 _478_/X
 _479_/Y
 _480_/Y
 _481_/X
 _482_/Y
 _483_/X
 _484_/X
 _485_/Y
 _486_/X
 _487_/X
 _488_/Y
 _489_/X
 _490_/Y
 _491_/X
 _492_/X
 _493_/Y
 _494_/X
 _495_/X
 _496_/X
 _497_/Y
 _498_/X
 _499_/Y
 _500_/Y
 _501_/X
 _502_/Y
 _503_/X
 _504_/X
 _505_/Y
 _506_/Y
 _507_/X
 _508_/X
 _509_/X
 _510_/Y
 _511_/Y
 _512_/X
 _513_/X
 _514_/X
 _515_/X
 _516_/X
 _517_/Y
 _518_/X
 _519_/X
 _520_/X
 _521_/Y
 _522_/X
 _523_/Y
 _524_/X
 _525_/Y
 _526_/Y
 _527_/Y
 _528_/X
 _529_/X
 _530_/X
 _531_/Y
 _532_/X
 _533_/X
 _534_/Y
 _535_/X
 _536_/X
 _537_/Y
 _538_/X
 _539_/Y
 _540_/X
 _541_/X
 _542_/X
 _543_/X
 _544_/Y
 _545_/Y
 _546_/Y
 _547_/Y
 _548_/X
 _549_/X
 _550_/X
 _551_/X
 _552_/Y
 _553_/Y
 _554_/Y
 _555_/X
 _556_/X
 _557_/X
 _558_/Y
 _559_/X
 _560_/Y
 _561_/Y
 _562_/Y
 _563_/X
 _564_/X
 _565_/X
 _566_/Y
 _567_/X
 _568_/Y
 _569_/X
 _570_/X
 _571_/Y
 _572_/Y
 _573_/X
 _574_/Y
 _575_/X
 _576_/X
 _577_/Y
 _578_/Y
 _579_/Y
 _580_/X
 _581_/X
 _582_/X
 _583_/Y
 _584_/X
 _585_/X
 _586_/Y
 _587_/X
 _588_/X
 _589_/X
 _590_/X
 _591_/Y
 _592_/Y
 _593_/X
 _594_/X
 _595_/Y
 _596_/X
 _597_/X
 _598_/X
 _599_/X
 _600_/Y
 _601_/Y
 _602_/Y
 _603_/Y
 _604_/X
 _605_/X
 _606_/X
 _607_/X
 _608_/X
 _609_/Y
 _610_/X
 _611_/Y
 _612_/X
 _613_/X
 _614_/X
 _615_/Y
 _616_/X
 _617_/Y
 _618_/Y
 _619_/Y
 _620_/X
 _621_/X
 _622_/X
 _623_/Y
 _624_/Y
 _625_/Y
 _626_/Y
 _627_/X
 _628_/X
 _629_/X
 _630_/Y
 _631_/X
 _632_/X
 _633_/Y
 _634_/Y
 _635_/Y
 _636_/X
 _637_/X
 _638_/X
 _639_/Y
 _640_/Y
 _641_/X
 _642_/Y
 _643_/Y
 _644_/Y
 _645_/X
 _646_/X
 _647_/Y
 _648_/X
 _649_/Y
 _650_/Y
 _651_/Y
 _652_/X
 _653_/X
 _654_/Y
 _655_/X
 _656_/Y
 _657_/Y
 _658_/X
 _659_/X
 _660_/X
 _661_/X
 _662_/Y
 _663_/X
 _664_/Y
 _665_/X
 _666_/Y
 _667_/X
 _668_/X
 _669_/X
 _670_/X
 _671_/Y
 _672_/Y
 _673_/Y
 _674_/X
 _675_/Y
 _676_/X
 _677_/X
 _678_/X
 _679_/X
 _680_/X
 _681_/Y
 _682_/Y
 _683_/X
 _684_/X
 _685_/X
 _686_/X
 _687_/X
 _688_/X
 _689_/Y
 _690_/Y
 _691_/X
 _692_/Y
 _693_/X
 _694_/Y
 _695_/X
 _696_/X
 _697_/Y
 _698_/X
 _699_/X
 _700_/X
 _701_/Y
 _702_/X
 _703_/X
 _704_/X
 _705_/Y
 _706_/Y
 _707_/X
 _708_/Y
 _709_/X
 _710_/X
 _711_/Y
 _712_/X
 _713_/X
 _714_/Y
 _715_/X
 _716_/Y
 _717_/X
 _718_/Y
 _719_/X
 _720_/X
 _721_/X
 _722_/X
 _723_/Y
 _724_/Y
 _725_/X
 _726_/X
 _727_/Y
 _728_/X
 _729_/Y
 _730_/Y
 _731_/Y
 _732_/Y
 _733_/X
 _734_/X
 _735_/Y
 _736_/X
 _737_/Y
 _738_/Y
 _739_/Y
 _740_/Y
 _741_/X
 _742_/X
 _743_/X
 _744_/Y
 _745_/Y
 _746_/X
 _747_/X
 _748_/X
 _749_/Y
 _750_/X
 _751_/X
 _752_/X
 _753_/X
 _754_/X
 _755_/Y
 _756_/Y
 _757_/X
 _758_/Y
 _759_/X
 _760_/X
 _761_/X
 _762_/X
 _763_/X
 _764_/X
 _765_/X
 _766_/X
 _767_/X
 _768_/X
 _769_/Y
 _770_/X
 _771_/X
 _772_/X
 _773_/X
 _774_/X
 _775_/X
 _776_/X
 _777_/X
 _778_/X
 _779_/X
 _780_/X
 _781_/X
 _782_/X
 _783_/X
 _784_/X
 _785_/X
 _786_/X
 _787_/X
 _788_/X
 _789_/X
 _790_/X
 _791_/X
 _792_/X
 _793_/X
 _794_/X
 _795_/X
 _796_/X
 _797_/X
 _798_/X
 _799_/X
 _800_/X
 _801_/X
 _802_/X
 _803_/X
 _804_/X
 _805_/X
 _806_/X
 _807_/X
 _808_/X
 _809_/X
 _810_/X
 _811_/X
 _812_/X
 _813_/X
 _814_/X
 _815_/X
 _816_/X
 _817_/X
 _818_/X
 _819_/X
 _820_/X
 _821_/X
 _822_/X
 _823_/X
 _824_/X
 _825_/X
 _826_/X
 _827_/X
 _828_/X
 _829_/X
 _830_/X
 _831_/X
 _832_/X
 _833_/X
 _834_/X
 _835_/X
 _836_/X
 _837_/X
 _838_/X
 _839_/X
 _840_/X
 _841_/X
 _842_/X
 _843_/X
 _844_/X
 _845_/X
 _846_/X
 _847_/X
 _848_/X
 _849_/X
 _850_/X
 _851_/X
 _852_/X
 _853_/X
 _854_/X
 _855_/X
 _856_/X
 _857_/X
 _858_/X
 _859_/X
 _860_/X
 _861_/X
 _862_/X
 _863_/X
 _864_/X
 _865_/X
 _866_/X
 _867_/X
 _868_/X
 _869_/X
 _870_/X
 _871_/X
 _872_/X
 _873_/X
 _874_/X
 _875_/Y
 _876_/X
 _877_/X
 _878_/Y
 _879_/X
 _880_/X
 _881_/Y
 _882_/X
 _883_/Y
 _884_/Y
 _885_/Y
 _886_/Y
 _887_/X
 _888_/X
 _889_/Q
 _890_/Q
 _891_/Q
 _892_/Q
 _893_/Q
 _894_/Q
 _895_/Q
 _896_/Q
 _897_/Q
 _898_/Q
 _899_/Q
 _900_/Q
 _901_/Q
 _902_/Q
 _903_/Q
 _904_/Q
 _905_/Q
 _906_/Q
 _907_/Q
 _908_/Q
 _909_/Q
 _910_/Q
 _911_/Q
 _912_/Q
 _913_/Q
 _914_/Q
 _915_/Q
 _916_/Q
 _917_/Q
 _918_/Q
 _919_/Q
 _920_/Q
 _921_/Q
 _922_/Q
 _923_/Q
 _924_/Q
 _925_/Q
 _926_/Q
 _927_/Q
 _928_/Q
 _929_/Q
 _930_/Q
 _931_/Q
 _932_/Q
 _933_/Q
 _934_/Q
 _935_/Q
 _936_/Q
 _937_/Q
 _938_/Q
 _939_/Q
 _940_/Q
 _941_/Q
 _942_/Q
 _943_/Q
 _944_/Q
 _945_/Q
 _946_/Q
 _947_/Q
 _948_/Q
 _949_/Q
 _950_/Q
 _951_/Q
 _952_/Q
 _953_/Q
 _954_/Q
 _955_/Q
 _956_/Q
 _957_/Q
 _958_/Q
 _959_/Q
 _960_/Q
 _961_/Q
 clkbuf_0_clk/X
 clkbuf_3_0__f_clk/X
 clkbuf_3_1__f_clk/X
 clkbuf_3_2__f_clk/X
 clkbuf_3_3__f_clk/X
 clkbuf_3_4__f_clk/X
 clkbuf_3_5__f_clk/X
 clkbuf_3_6__f_clk/X
 clkbuf_3_7__f_clk/X
 hold1/X
 hold10/X
 hold11/X
 hold12/X
 hold13/X
 hold14/X
 hold15/X
 hold16/X
 hold17/X
 hold18/X
 hold19/X
 hold2/X
 hold20/X
 hold21/X
 hold22/X
 hold23/X
 hold24/X
 hold25/X
 hold26/X
 hold27/X
 hold28/X
 hold29/X
 hold3/X
 hold30/X
 hold31/X
 hold32/X
 hold4/X
 hold5/X
 hold6/X
 hold7/X
 hold8/X
 hold9/X
 input1/X
 input10/X
 input11/X
 input12/X
 input13/X
 input14/X
 input15/X
 input16/X
 input17/X
 input18/X
 input19/X
 input2/X
 input20/X
 input21/X
 input22/X
 input23/X
 input24/X
 input25/X
 input26/X
 input27/X
 input28/X
 input29/X
 input3/X
 input30/X
 input31/X
 input32/X
 input33/X
 input34/X
 input35/X
 input36/X
 input37/X
 input38/X
 input39/X
 input4/X
 input40/X
 input41/X
 input42/X
 input43/X
 input44/X
 input45/X
 input46/X
 input47/X
 input48/X
 input49/X
 input5/X
 input50/X
 input51/X
 input52/X
 input53/X
 input54/X
 input55/X
 input56/X
 input57/X
 input58/X
 input59/X
 input6/X
 input60/X
 input61/X
 input62/X
 input63/X
 input64/X
 input65/X
 input7/X
 input8/X
 input9/X
 output100/X
 output101/X
 output102/X
 output103/X
 output104/X
 output105/X
 output106/X
 output107/X
 output108/X
 output109/X
 output110/X
 output111/X
 output112/X
 output113/X
 output114/X
 output115/X
 output116/X
 output117/X
 output118/X
 output119/X
 output120/X
 output121/X
 output122/X
 output123/X
 output124/X
 output125/X
 output126/X
 output127/X
 output128/X
 output129/X
 output130/X
 output66/X
 output67/X
 output68/X
 output69/X
 output70/X
 output71/X
 output72/X
 output73/X
 output74/X
 output75/X
 output76/X
 output77/X
 output78/X
 output79/X
 output80/X
 output81/X
 output82/X
 output83/X
 output84/X
 output85/X
 output86/X
 output87/X
 output88/X
 output89/X
 output90/X
 output91/X
 output92/X
 output93/X
 output94/X
 output95/X
 output96/X
 output97/X
 output98/X
 output99/X
Found 0 partially unannotated drivers.

===========================================================================
max slew violation count 0
max fanout violation count 2
max cap violation count 0
============================================================================

===========================================================================
check_setup -verbose -unconstrained_endpoints -multiple_clock -no_clock -no_input_delay -loops -generated_clocks
===========================================================================
