
===========================================================================
report_checks -unconstrained
===========================================================================
======================= Typical Corner ===================================

Startpoint: mcand[14] (input port clocked by clk)
Endpoint: _918_ (rising edge-triggered flip-flop clocked by clk)
Path Group: clk
Path Type: max

Fanout     Cap    Slew   Delay    Time   Description
-----------------------------------------------------------------------------
                          0.00    0.00   clock clk (rise edge)
                          0.00    0.00   clock network delay (propagated)
                          4.00    4.00 v input external delay
                  0.01    0.01    4.01 v mcand[14] (in)
     1    0.00                           mcand[14] (net)
                  0.01    0.00    4.01 v input6/A (sky130_fd_sc_hd__buf_1)
                  0.15    0.18    4.18 v input6/X (sky130_fd_sc_hd__buf_1)
     2    0.03                           net6 (net)
                  0.15    0.00    4.19 v _590_/B (sky130_fd_sc_hd__and2_1)
                  0.07    0.24    4.43 v _590_/X (sky130_fd_sc_hd__and2_1)
     4    0.01                           _202_ (net)
                  0.07    0.00    4.43 v _607_/A (sky130_fd_sc_hd__or3_1)
                  0.08    0.41    4.84 v _607_/X (sky130_fd_sc_hd__or3_1)
     2    0.01                           _217_ (net)
                  0.08    0.00    4.84 v _608_/D (sky130_fd_sc_hd__or4_1)
                  0.10    0.45    5.29 v _608_/X (sky130_fd_sc_hd__or4_1)
     2    0.01                           _218_ (net)
                  0.10    0.00    5.29 v _612_/A2 (sky130_fd_sc_hd__o221a_1)
                  0.05    0.27    5.56 v _612_/X (sky130_fd_sc_hd__o221a_1)
     1    0.00                           _222_ (net)
                  0.05    0.00    5.56 v _613_/B1 (sky130_fd_sc_hd__o31a_2)
                  0.09    0.15    5.71 v _613_/X (sky130_fd_sc_hd__o31a_2)
     3    0.02                           _223_ (net)
                  0.09    0.00    5.71 v _656_/A1 (sky130_fd_sc_hd__o211ai_4)
                  0.20    0.25    5.97 ^ _656_/Y (sky130_fd_sc_hd__o211ai_4)
     4    0.02                           _262_ (net)
                  0.20    0.00    5.97 ^ _689_/A1 (sky130_fd_sc_hd__a21oi_1)
                  0.12    0.17    6.13 v _689_/Y (sky130_fd_sc_hd__a21oi_1)
     3    0.01                           _291_ (net)
                  0.12    0.00    6.13 v _693_/A (sky130_fd_sc_hd__or2_2)
                  0.09    0.39    6.52 v _693_/X (sky130_fd_sc_hd__or2_2)
     5    0.02                           _295_ (net)
                  0.09    0.00    6.52 v _709_/A2 (sky130_fd_sc_hd__a311o_1)
                  0.09    0.39    6.90 v _709_/X (sky130_fd_sc_hd__a311o_1)
     3    0.01                           _309_ (net)
                  0.09    0.00    6.90 v _717_/A2 (sky130_fd_sc_hd__a22o_1)
                  0.04    0.25    7.16 v _717_/X (sky130_fd_sc_hd__a22o_1)
     1    0.00                           _316_ (net)
                  0.04    0.00    7.16 v _718_/A2 (sky130_fd_sc_hd__a21oi_1)
                  0.12    0.16    7.31 ^ _718_/Y (sky130_fd_sc_hd__a21oi_1)
     1    0.00                           _317_ (net)
                  0.12    0.00    7.31 ^ _719_/C1 (sky130_fd_sc_hd__a211o_1)
                  0.05    0.12    7.44 ^ _719_/X (sky130_fd_sc_hd__a211o_1)
     1    0.00                           _318_ (net)
                  0.05    0.00    7.44 ^ _720_/C1 (sky130_fd_sc_hd__o211a_1)
                  0.04    0.13    7.57 ^ _720_/X (sky130_fd_sc_hd__o211a_1)
     1    0.00                           _029_ (net)
                  0.04    0.00    7.57 ^ _918_/D (sky130_fd_sc_hd__dfxtp_1)
                                  7.57   data arrival time

                         20.00   20.00   clock clk (rise edge)
                          0.00   20.00   clock source latency
                  0.09    0.06   20.06 ^ clk (in)
     1    0.02                           clk (net)
                  0.09    0.00   20.06 ^ clkbuf_0_clk/A (sky130_fd_sc_hd__clkbuf_16)
                  0.11    0.18   20.24 ^ clkbuf_0_clk/X (sky130_fd_sc_hd__clkbuf_16)
     8    0.09                           clknet_0_clk (net)
                  0.11    0.00   20.24 ^ clkbuf_3_3__f_clk/A (sky130_fd_sc_hd__clkbuf_16)
                  0.06    0.16   20.40 ^ clkbuf_3_3__f_clk/X (sky130_fd_sc_hd__clkbuf_16)
    13    0.04                           clknet_3_3__leaf_clk (net)
                  0.06    0.00   20.40 ^ _918_/CLK (sky130_fd_sc_hd__dfxtp_1)
                         -0.25   20.15   clock uncertainty
                          0.00   20.15   clock reconvergence pessimism
                         -0.05   20.10   library setup time
                                 20.10   data required time
-----------------------------------------------------------------------------
                                 20.10   data required time
                                 -7.57   data arrival time
-----------------------------------------------------------------------------
                                 12.54   slack (MET)




===========================================================================
report_checks --slack_max -0.01
============================================================================
======================= Typical Corner ===================================

No paths found.


===========================================================================
 report_check_types -max_slew -max_cap -max_fanout -violators
============================================================================
======================= Typical Corner ===================================

max fanout

Pin                                   Limit Fanout  Slack
---------------------------------------------------------
clkbuf_3_3__f_clk/X                      10     13     -3 (VIOLATED)
clkbuf_3_1__f_clk/X                      10     12     -2 (VIOLATED)



===========================================================================
report_parasitic_annotation -report_unannotated
============================================================================
Found 0 unannotated drivers.
Found 0 partially unannotated drivers.

===========================================================================
max slew violation count 0
max fanout violation count 2
max cap violation count 0
============================================================================

===========================================================================
check_setup -verbose -unconstrained_endpoints -multiple_clock -no_clock -no_input_delay -loops -generated_clocks
===========================================================================
