
60. Executing CHECK pass (checking for obvious problems).
Checking module mult_comb_32x32...
Warning: Wire mult_comb_32x32.\product [63] is used but has no driver.
Warning: Wire mult_comb_32x32.\product [62] is used but has no driver.
Warning: Wire mult_comb_32x32.\product [61] is used but has no driver.
Warning: Wire mult_comb_32x32.\product [60] is used but has no driver.
Warning: Wire mult_comb_32x32.\product [59] is used but has no driver.
Warning: Wire mult_comb_32x32.\product [58] is used but has no driver.
Warning: Wire mult_comb_32x32.\product [57] is used but has no driver.
Warning: Wire mult_comb_32x32.\product [56] is used but has no driver.
Warning: Wire mult_comb_32x32.\product [55] is used but has no driver.
Warning: Wire mult_comb_32x32.\product [54] is used but has no driver.
Warning: Wire mult_comb_32x32.\product [53] is used but has no driver.
Warning: Wire mult_comb_32x32.\product [52] is used but has no driver.
Warning: Wire mult_comb_32x32.\product [51] is used but has no driver.
Warning: Wire mult_comb_32x32.\product [50] is used but has no driver.
Warning: Wire mult_comb_32x32.\product [49] is used but has no driver.
Warning: Wire mult_comb_32x32.\product [48] is used but has no driver.
Warning: Wire mult_comb_32x32.\product [47] is used but has no driver.
Warning: Wire mult_comb_32x32.\product [46] is used but has no driver.
Warning: Wire mult_comb_32x32.\product [45] is used but has no driver.
Warning: Wire mult_comb_32x32.\product [44] is used but has no driver.
Warning: Wire mult_comb_32x32.\product [43] is used but has no driver.
Warning: Wire mult_comb_32x32.\product [42] is used but has no driver.
Warning: Wire mult_comb_32x32.\product [41] is used but has no driver.
Warning: Wire mult_comb_32x32.\product [40] is used but has no driver.
Warning: Wire mult_comb_32x32.\product [39] is used but has no driver.
Warning: Wire mult_comb_32x32.\product [38] is used but has no driver.
Warning: Wire mult_comb_32x32.\product [37] is used but has no driver.
Warning: Wire mult_comb_32x32.\product [36] is used but has no driver.
Warning: Wire mult_comb_32x32.\product [35] is used but has no driver.
Warning: Wire mult_comb_32x32.\product [34] is used but has no driver.
Warning: Wire mult_comb_32x32.\product [33] is used but has no driver.
Warning: Wire mult_comb_32x32.\product [32] is used but has no driver.
Warning: Wire mult_comb_32x32.\product [31] is used but has no driver.
Warning: Wire mult_comb_32x32.\product [30] is used but has no driver.
Warning: Wire mult_comb_32x32.\product [29] is used but has no driver.
Warning: Wire mult_comb_32x32.\product [28] is used but has no driver.
Warning: Wire mult_comb_32x32.\product [27] is used but has no driver.
Warning: Wire mult_comb_32x32.\product [26] is used but has no driver.
Warning: Wire mult_comb_32x32.\product [25] is used but has no driver.
Warning: Wire mult_comb_32x32.\product [24] is used but has no driver.
Warning: Wire mult_comb_32x32.\product [23] is used but has no driver.
Warning: Wire mult_comb_32x32.\product [22] is used but has no driver.
Warning: Wire mult_comb_32x32.\product [21] is used but has no driver.
Warning: Wire mult_comb_32x32.\product [20] is used but has no driver.
Warning: Wire mult_comb_32x32.\product [19] is used but has no driver.
Warning: Wire mult_comb_32x32.\product [18] is used but has no driver.
Warning: Wire mult_comb_32x32.\product [17] is used but has no driver.
Warning: Wire mult_comb_32x32.\product [16] is used but has no driver.
Warning: Wire mult_comb_32x32.\product [15] is used but has no driver.
Warning: Wire mult_comb_32x32.\product [14] is used but has no driver.
Warning: Wire mult_comb_32x32.\product [13] is used but has no driver.
Warning: Wire mult_comb_32x32.\product [12] is used but has no driver.
Warning: Wire mult_comb_32x32.\product [11] is used but has no driver.
Warning: Wire mult_comb_32x32.\product [10] is used but has no driver.
Warning: Wire mult_comb_32x32.\product [9] is used but has no driver.
Warning: Wire mult_comb_32x32.\product [8] is used but has no driver.
Warning: Wire mult_comb_32x32.\product [7] is used but has no driver.
Warning: Wire mult_comb_32x32.\product [6] is used but has no driver.
Warning: Wire mult_comb_32x32.\product [5] is used but has no driver.
Warning: Wire mult_comb_32x32.\product [4] is used but has no driver.
Warning: Wire mult_comb_32x32.\product [3] is used but has no driver.
Warning: Wire mult_comb_32x32.\product [2] is used but has no driver.
Warning: Wire mult_comb_32x32.\product [1] is used but has no driver.
Warning: Wire mult_comb_32x32.\product [0] is used but has no driver.
Found and reported 64 problems.
