
===========================================================================
report_checks -unconstrained
===========================================================================
======================= Typical Corner ===================================

Startpoint: mcand[1] (input port clocked by clk)
Endpoint: _436_ (rising edge-triggered flip-flop clocked by clk)
Path Group: clk
Path Type: max

Fanout     Cap    Slew   Delay    Time   Description
-----------------------------------------------------------------------------
                          0.00    0.00   clock clk (rise edge)
                          0.00    0.00   clock network delay (propagated)
                          4.00    4.00 ^ input external delay
                  0.02    0.01    4.01 ^ mcand[1] (in)
     1    0.00                           mcand[1] (net)
                  0.02    0.00    4.01 ^ input8/A (sky130_fd_sc_hd__dlymetal6s2s_1)
                  0.13    0.14    4.15 ^ input8/X (sky130_fd_sc_hd__dlymetal6s2s_1)
     2    0.01                           net8 (net)
                  0.13    0.00    4.15 ^ _236_/B (sky130_fd_sc_hd__xor2_2)
                  0.22    0.25    4.40 ^ _236_/X (sky130_fd_sc_hd__xor2_2)
     3    0.02                           _063_ (net)
                  0.22    0.00    4.40 ^ _242_/A3 (sky130_fd_sc_hd__a31oi_4)
                  0.10    0.14    4.54 v _242_/Y (sky130_fd_sc_hd__a31oi_4)
     3    0.01                           _068_ (net)
                  0.10    0.00    4.54 v _262_/A1 (sky130_fd_sc_hd__o31ai_4)
                  0.25    0.34    4.87 ^ _262_/Y (sky130_fd_sc_hd__o31ai_4)
     3    0.01                           _086_ (net)
                  0.25    0.00    4.87 ^ _295_/A1 (sky130_fd_sc_hd__a21oi_2)
                  0.10    0.14    5.01 v _295_/Y (sky130_fd_sc_hd__a21oi_2)
     4    0.02                           _115_ (net)
                  0.10    0.00    5.01 v _311_/A1 (sky130_fd_sc_hd__o211ai_2)
                  0.17    0.23    5.24 ^ _311_/Y (sky130_fd_sc_hd__o211ai_2)
     3    0.01                           _129_ (net)
                  0.17    0.00    5.24 ^ _331_/A3 (sky130_fd_sc_hd__a41o_1)
                  0.11    0.25    5.49 ^ _331_/X (sky130_fd_sc_hd__a41o_1)
     4    0.01                           _147_ (net)
                  0.11    0.00    5.49 ^ _349_/A2 (sky130_fd_sc_hd__a41o_1)
                  0.11    0.23    5.72 ^ _349_/X (sky130_fd_sc_hd__a41o_1)
     3    0.01                           _163_ (net)
                  0.11    0.00    5.72 ^ _350_/B (sky130_fd_sc_hd__nand2_1)
                  0.08    0.11    5.83 v _350_/Y (sky130_fd_sc_hd__nand2_1)
     3    0.01                           _164_ (net)
                  0.08    0.00    5.83 v _358_/A2 (sky130_fd_sc_hd__a41o_1)
                  0.04    0.23    6.06 v _358_/X (sky130_fd_sc_hd__a41o_1)
     1    0.00                           _171_ (net)
                  0.04    0.00    6.06 v _359_/B2 (sky130_fd_sc_hd__o221a_1)
                  0.05    0.22    6.28 v _359_/X (sky130_fd_sc_hd__o221a_1)
     1    0.00                           _172_ (net)
                  0.05    0.00    6.28 v _360_/A2 (sky130_fd_sc_hd__o21a_1)
                  0.03    0.17    6.45 v _360_/X (sky130_fd_sc_hd__o21a_1)
     1    0.00                           _017_ (net)
                  0.03    0.00    6.45 v _436_/D (sky130_fd_sc_hd__dfxtp_1)
                                  6.45   data arrival time

                         20.00   20.00   clock clk (rise edge)
                          0.00   20.00   clock source latency
                  0.04    0.03   20.03 ^ clk (in)
     1    0.01                           clk (net)
                  0.04    0.00   20.03 ^ clkbuf_0_clk/A (sky130_fd_sc_hd__clkbuf_16)
                  0.05    0.13   20.15 ^ clkbuf_0_clk/X (sky130_fd_sc_hd__clkbuf_16)
     4    0.03                           clknet_0_clk (net)
                  0.05    0.00   20.15 ^ clkbuf_2_1__f_clk/A (sky130_fd_sc_hd__clkbuf_16)
                  0.04    0.12   20.28 ^ clkbuf_2_1__f_clk/X (sky130_fd_sc_hd__clkbuf_16)
    10    0.02                           clknet_2_1__leaf_clk (net)
                  0.04    0.00   20.28 ^ _436_/CLK (sky130_fd_sc_hd__dfxtp_1)
                         -0.25   20.03   clock uncertainty
                          0.00   20.03   clock reconvergence pessimism
                         -0.11   19.92   library setup time
                                 19.92   data required time
-----------------------------------------------------------------------------
                                 19.92   data required time
                                 -6.45   data arrival time
-----------------------------------------------------------------------------
                                 13.47   slack (MET)




===========================================================================
report_checks --slack_max -0.01
============================================================================
======================= Typical Corner ===================================

No paths found.


===========================================================================
 report_check_types -max_slew -max_cap -max_fanout -violators
============================================================================
======================= Typical Corner ===================================



===========================================================================
report_parasitic_annotation -report_unannotated
============================================================================
Found 382 unannotated drivers.
 clk
 mcand[0]
 mcand[10]
 mcand[11]
 mcand[12]
 mcand[13]
 mcand[14]
 mcand[15]
 mcand[1]
 mcand[2]
 mcand[3]
 mcand[4]
 mcand[5]
 mcand[6]
 mcand[7]
 mcand[8]
 mcand[9]
 mplier[0]
 mplier[10]
 mplier[11]
 mplier[12]
 mplier[13]
 mplier[14]
 mplier[15]
 mplier[1]
 mplier[2]
 mplier[3]
 mplier[4]
 mplier[5]
 mplier[6]
 mplier[7]
 mplier[8]
 mplier[9]
 st
 _209_/X
 _210_/X
 _211_/X
 _212_/Y
 _213_/Y
 _214_/Y
 _215_/X
 _216_/Y
 _217_/X
 _218_/X
 _219_/X
 _220_/Y
 _221_/Y
 _222_/X
 _223_/X
 _224_/Y
 _225_/Y
 _226_/X
 _227_/Y
 _228_/X
 _229_/Y
 _230_/Y
 _231_/X
 _232_/Y
 _233_/X
 _234_/X
 _235_/X
 _236_/X
 _237_/X
 _238_/Y
 _239_/X
 _240_/X
 _241_/X
 _242_/Y
 _243_/Y
 _244_/X
 _245_/Y
 _246_/X
 _247_/Y
 _248_/X
 _249_/X
 _250_/Y
 _251_/Y
 _252_/X
 _253_/Y
 _254_/X
 _255_/X
 _256_/Y
 _257_/X
 _258_/Y
 _259_/Y
 _260_/X
 _261_/Y
 _262_/Y
 _263_/Y
 _264_/X
 _265_/Y
 _266_/Y
 _267_/X
 _268_/X
 _269_/X
 _270_/X
 _271_/X
 _272_/X
 _273_/Y
 _274_/X
 _275_/X
 _276_/X
 _277_/Y
 _278_/X
 _279_/Y
 _280_/Y
 _281_/X
 _282_/Y
 _283_/X
 _284_/Y
 _285_/Y
 _286_/Y
 _287_/Y
 _288_/X
 _289_/X
 _290_/X
 _291_/X
 _292_/X
 _293_/X
 _294_/X
 _295_/Y
 _296_/Y
 _297_/X
 _298_/Y
 _299_/Y
 _300_/X
 _301_/X
 _302_/X
 _303_/Y
 _304_/X
 _305_/Y
 _306_/X
 _307_/Y
 _308_/Y
 _309_/X
 _310_/X
 _311_/Y
 _312_/Y
 _313_/Y
 _314_/Y
 _315_/X
 _316_/Y
 _317_/Y
 _318_/X
 _319_/Y
 _320_/Y
 _321_/Y
 _322_/Y
 _323_/X
 _324_/X
 _325_/X
 _326_/Y
 _327_/Y
 _328_/Y
 _329_/X
 _330_/X
 _331_/X
 _332_/Y
 _333_/X
 _334_/X
 _335_/X
 _336_/Y
 _337_/X
 _338_/Y
 _339_/X
 _340_/Y
 _341_/X
 _342_/X
 _343_/X
 _344_/Y
 _345_/X
 _346_/X
 _347_/X
 _348_/X
 _349_/X
 _350_/Y
 _351_/X
 _352_/X
 _353_/X
 _354_/X
 _355_/X
 _356_/Y
 _357_/Y
 _358_/X
 _359_/X
 _360_/X
 _361_/Y
 _362_/Y
 _363_/X
 _364_/X
 _365_/X
 _366_/X
 _367_/X
 _368_/X
 _369_/X
 _370_/X
 _371_/X
 _372_/Y
 _373_/X
 _374_/X
 _375_/X
 _376_/X
 _377_/X
 _378_/X
 _379_/X
 _380_/X
 _381_/X
 _382_/X
 _383_/X
 _384_/X
 _385_/X
 _386_/X
 _387_/X
 _388_/X
 _389_/X
 _390_/X
 _391_/X
 _392_/X
 _393_/X
 _394_/X
 _395_/X
 _396_/X
 _397_/X
 _398_/X
 _399_/X
 _400_/X
 _401_/X
 _402_/X
 _403_/X
 _404_/X
 _405_/X
 _406_/X
 _407_/Y
 _408_/X
 _409_/X
 _410_/X
 _411_/Y
 _412_/X
 _413_/Y
 _414_/X
 _415_/Y
 _416_/Y
 _417_/X
 _418_/X
 _419_/Q
 _420_/Q
 _421_/Q
 _422_/Q
 _423_/Q
 _424_/Q
 _425_/Q
 _426_/Q
 _427_/Q
 _428_/Q
 _429_/Q
 _430_/Q
 _431_/Q
 _432_/Q
 _433_/Q
 _434_/Q
 _435_/Q
 _436_/Q
 _437_/Q
 _438_/Q
 _439_/Q
 _440_/Q
 _441_/Q
 _442_/Q
 _443_/Q
 _444_/Q
 _445_/Q
 _446_/Q
 _447_/Q
 _448_/Q
 _449_/Q
 _450_/Q
 _451_/Q
 _452_/Q
 _453_/Q
 _454_/Q
 _455_/Q
 _456_/Q
 _457_/Q
 _458_/Q
 clkbuf_0_clk/X
 clkbuf_2_0__f_clk/X
 clkbuf_2_1__f_clk/X
 clkbuf_2_2__f_clk/X
 clkbuf_2_3__f_clk/X
 hold1/X
 hold10/X
 hold11/X
 hold12/X
 hold13/X
 hold14/X
 hold15/X
 hold16/X
 hold17/X
 hold18/X
 hold19/X
 hold2/X
 hold20/X
 hold21/X
 hold22/X
 hold23/X
 hold24/X
 hold25/X
 hold26/X
 hold27/X
 hold3/X
 hold4/X
 hold5/X
 hold6/X
 hold7/X
 hold8/X
 hold9/X
 input1/X
 input10/X
 input11/X
 input12/X
 input13/X
 input14/X
 input15/X
 input16/X
 input17/X
 input18/X
 input19/X
 input2/X
 input20/X
 input21/X
 input22/X
 input23/X
 input24/X
 input25/X
 input26/X
 input27/X
 input28/X
 input29/X
 input3/X
 input30/X
 input31/X
 input32/X
 input33/X
 input4/X
 input5/X
 input6/X
 input7/X
 input8/X
 input9/X
 output34/X
 output35/X
 output36/X
 output37/X
 output38/X
 output39/X
 output40/X
 output41/X
 output42/X
 output43/X
 output44/X
 output45/X
 output46/X
 output47/X
 output48/X
 output49/X
 output50/X
 output51/X
 output52/X
 output53/X
 output54/X
 output55/X
 output56/X
 output57/X
 output58/X
 output59/X
 output60/X
 output61/X
 output62/X
 output63/X
 output64/X
 output65/X
 output66/X
Found 0 partially unannotated drivers.

===========================================================================
max slew violation count 0
max fanout violation count 0
max cap violation count 0
============================================================================

===========================================================================
check_setup -verbose -unconstrained_endpoints -multiple_clock -no_clock -no_input_delay -loops -generated_clocks
===========================================================================
