
===========================================================================
report_checks -unconstrained
===========================================================================
======================= Fastest Corner ===================================

Startpoint: mplier[2] (input port clocked by clk)
Endpoint: product[31] (output port clocked by clk)
Path Group: clk
Path Type: max
Corner: Fastest

Fanout     Cap    Slew   Delay    Time   Description
-----------------------------------------------------------------------------
                  0.00    0.00    0.00   clock clk (rise edge)
                          0.00    0.00   clock network delay (ideal)
                         20.00   20.00 ^ input external delay
                  0.01    0.01   20.01 ^ mplier[2] (in)
     1    0.00                           mplier[2] (net)
                  0.01    0.00   20.01 ^ input25/A (sky130_fd_sc_hd__buf_1)
                  0.17    0.15   20.16 ^ input25/X (sky130_fd_sc_hd__buf_1)
     3    0.02                           net25 (net)
                  0.17    0.00   20.16 ^ _1375_/A (sky130_fd_sc_hd__buf_2)
                  0.13    0.18   20.33 ^ _1375_/X (sky130_fd_sc_hd__buf_2)
    10    0.04                           _1085_ (net)
                  0.13    0.00   20.33 ^ _1376_/A (sky130_fd_sc_hd__clkbuf_4)
                  0.12    0.18   20.52 ^ _1376_/X (sky130_fd_sc_hd__clkbuf_4)
    10    0.05                           _1096_ (net)
                  0.12    0.00   20.52 ^ _1504_/A (sky130_fd_sc_hd__nand2_1)
                  0.06    0.07   20.58 v _1504_/Y (sky130_fd_sc_hd__nand2_1)
     1    0.01                           _0547_ (net)
                  0.06    0.00   20.59 v _1508_/A (sky130_fd_sc_hd__xnor2_2)
                  0.05    0.12   20.70 v _1508_/Y (sky130_fd_sc_hd__xnor2_2)
     3    0.01                           _0551_ (net)
                  0.05    0.00   20.70 v _1554_/A2 (sky130_fd_sc_hd__a21bo_1)
                  0.03    0.14   20.85 v _1554_/X (sky130_fd_sc_hd__a21bo_1)
     2    0.01                           _0597_ (net)
                  0.03    0.00   20.85 v _1555_/C (sky130_fd_sc_hd__and3_2)
                  0.05    0.17   21.02 v _1555_/X (sky130_fd_sc_hd__and3_2)
     4    0.02                           _0598_ (net)
                  0.05    0.00   21.02 v _1557_/B (sky130_fd_sc_hd__nor3_2)
                  0.25    0.24   21.26 ^ _1557_/Y (sky130_fd_sc_hd__nor3_2)
     4    0.02                           _0600_ (net)
                  0.25    0.00   21.26 ^ _1559_/B1 (sky130_fd_sc_hd__a211oi_1)
                  0.07    0.06   21.32 v _1559_/Y (sky130_fd_sc_hd__a211oi_1)
     3    0.01                           _0602_ (net)
                  0.07    0.00   21.32 v _1561_/B (sky130_fd_sc_hd__or3_2)
                  0.07    0.31   21.62 v _1561_/X (sky130_fd_sc_hd__or3_2)
     4    0.01                           _0604_ (net)
                  0.07    0.00   21.62 v _1563_/B1 (sky130_fd_sc_hd__o211a_1)
                  0.05    0.12   21.75 v _1563_/X (sky130_fd_sc_hd__o211a_1)
     4    0.01                           _0606_ (net)
                  0.05    0.00   21.75 v _1566_/B (sky130_fd_sc_hd__or4b_1)
                  0.07    0.32   22.07 v _1566_/X (sky130_fd_sc_hd__or4b_1)
     3    0.01                           _0609_ (net)
                  0.07    0.00   22.07 v _1570_/C (sky130_fd_sc_hd__and4b_1)
                  0.03    0.14   22.20 v _1570_/X (sky130_fd_sc_hd__and4b_1)
     1    0.00                           _0613_ (net)
                  0.03    0.00   22.20 v _1571_/A (sky130_fd_sc_hd__clkbuf_2)
                  0.06    0.11   22.31 v _1571_/X (sky130_fd_sc_hd__clkbuf_2)
     6    0.02                           _0614_ (net)
                  0.06    0.00   22.31 v _1635_/A (sky130_fd_sc_hd__nor4b_2)
                  0.27    0.30   22.61 ^ _1635_/Y (sky130_fd_sc_hd__nor4b_2)
     4    0.01                           _0677_ (net)
                  0.27    0.00   22.61 ^ _1772_/A1 (sky130_fd_sc_hd__o2111a_1)
                  0.08    0.18   22.79 ^ _1772_/X (sky130_fd_sc_hd__o2111a_1)
     2    0.01                           _0811_ (net)
                  0.08    0.00   22.79 ^ _1980_/A1 (sky130_fd_sc_hd__o211a_1)
                  0.12    0.17   22.96 ^ _1980_/X (sky130_fd_sc_hd__o211a_1)
     2    0.02                           _1019_ (net)
                  0.12    0.00   22.96 ^ _2131_/A2 (sky130_fd_sc_hd__a311o_2)
                  0.11    0.19   23.15 ^ _2131_/X (sky130_fd_sc_hd__a311o_2)
     4    0.03                           _1182_ (net)
                  0.11    0.00   23.15 ^ _2403_/A1 (sky130_fd_sc_hd__a31oi_4)
                  0.10    0.11   23.26 v _2403_/Y (sky130_fd_sc_hd__a31oi_4)
     4    0.04                           _0109_ (net)
                  0.10    0.00   23.26 v _2605_/A1 (sky130_fd_sc_hd__o21a_2)
                  0.07    0.21   23.48 v _2605_/X (sky130_fd_sc_hd__o21a_2)
     4    0.03                           _0327_ (net)
                  0.07    0.00   23.48 v _2732_/A1 (sky130_fd_sc_hd__o31a_1)
                  0.07    0.25   23.73 v _2732_/X (sky130_fd_sc_hd__o31a_1)
     3    0.02                           _0462_ (net)
                  0.07    0.00   23.73 v _2758_/A2 (sky130_fd_sc_hd__o31ai_2)
                  0.21    0.23   23.96 ^ _2758_/Y (sky130_fd_sc_hd__o31ai_2)
     2    0.01                           _0488_ (net)
                  0.21    0.00   23.96 ^ _2760_/A2 (sky130_fd_sc_hd__a211o_1)
                  0.13    0.17   24.13 ^ _2760_/X (sky130_fd_sc_hd__a211o_1)
     1    0.02                           net57 (net)
                  0.13    0.00   24.13 ^ output57/A (sky130_fd_sc_hd__clkbuf_4)
                  0.09    0.16   24.29 ^ output57/X (sky130_fd_sc_hd__clkbuf_4)
     1    0.03                           product[31] (net)
                  0.09    0.00   24.29 ^ product[31] (out)
                                 24.29   data arrival time

                  0.00  100.00  100.00   clock clk (rise edge)
                          0.00  100.00   clock network delay (ideal)
                         -0.25   99.75   clock uncertainty
                          0.00   99.75   clock reconvergence pessimism
                        -20.00   79.75   output external delay
                                 79.75   data required time
-----------------------------------------------------------------------------
                                 79.75   data required time
                                -24.29   data arrival time
-----------------------------------------------------------------------------
                                 55.46   slack (MET)



======================= Slowest Corner ===================================

Startpoint: mplier[6] (input port clocked by clk)
Endpoint: product[31] (output port clocked by clk)
Path Group: clk
Path Type: max
Corner: Slowest

Fanout     Cap    Slew   Delay    Time   Description
-----------------------------------------------------------------------------
                  0.00    0.00    0.00   clock clk (rise edge)
                          0.00    0.00   clock network delay (ideal)
                         20.00   20.00 ^ input external delay
                  0.04    0.02   20.02 ^ mplier[6] (in)
     1    0.00                           mplier[6] (net)
                  0.04    0.00   20.02 ^ input29/A (sky130_fd_sc_hd__clkbuf_2)
                  0.29    0.35   20.37 ^ input29/X (sky130_fd_sc_hd__clkbuf_2)
     4    0.03                           net29 (net)
                  0.29    0.00   20.38 ^ _1470_/A (sky130_fd_sc_hd__clkbuf_4)
                  0.25    0.50   20.88 ^ _1470_/X (sky130_fd_sc_hd__clkbuf_4)
    10    0.05                           _0514_ (net)
                  0.25    0.00   20.88 ^ _1496_/C (sky130_fd_sc_hd__nand4_2)
                  0.25    0.36   21.24 v _1496_/Y (sky130_fd_sc_hd__nand4_2)
     3    0.01                           _0539_ (net)
                  0.25    0.00   21.24 v _1501_/A1 (sky130_fd_sc_hd__a21o_1)
                  0.09    0.41   21.65 v _1501_/X (sky130_fd_sc_hd__a21o_1)
     2    0.01                           _0544_ (net)
                  0.09    0.00   21.65 v _1503_/A2 (sky130_fd_sc_hd__a21o_1)
                  0.11    0.39   22.05 v _1503_/X (sky130_fd_sc_hd__a21o_1)
     3    0.01                           _0546_ (net)
                  0.11    0.00   22.05 v _1554_/A1 (sky130_fd_sc_hd__a21bo_1)
                  0.08    0.36   22.41 v _1554_/X (sky130_fd_sc_hd__a21bo_1)
     2    0.01                           _0597_ (net)
                  0.08    0.00   22.41 v _1555_/C (sky130_fd_sc_hd__and3_2)
                  0.14    0.56   22.97 v _1555_/X (sky130_fd_sc_hd__and3_2)
     4    0.02                           _0598_ (net)
                  0.14    0.00   22.97 v _1557_/B (sky130_fd_sc_hd__nor3_2)
                  0.58    0.60   23.58 ^ _1557_/Y (sky130_fd_sc_hd__nor3_2)
     4    0.02                           _0600_ (net)
                  0.58    0.00   23.58 ^ _1559_/B1 (sky130_fd_sc_hd__a211oi_1)
                  0.17    0.31   23.88 v _1559_/Y (sky130_fd_sc_hd__a211oi_1)
     3    0.01                           _0602_ (net)
                  0.17    0.00   23.88 v _1561_/B (sky130_fd_sc_hd__or3_2)
                  0.22    1.24   25.12 v _1561_/X (sky130_fd_sc_hd__or3_2)
     4    0.01                           _0604_ (net)
                  0.22    0.00   25.12 v _1563_/B1 (sky130_fd_sc_hd__o211a_1)
                  0.15    0.39   25.51 v _1563_/X (sky130_fd_sc_hd__o211a_1)
     4    0.01                           _0606_ (net)
                  0.15    0.00   25.51 v _1566_/B (sky130_fd_sc_hd__or4b_1)
                  0.21    1.32   26.83 v _1566_/X (sky130_fd_sc_hd__or4b_1)
     3    0.01                           _0609_ (net)
                  0.21    0.00   26.83 v _1570_/C (sky130_fd_sc_hd__and4b_1)
                  0.08    0.48   27.30 v _1570_/X (sky130_fd_sc_hd__and4b_1)
     1    0.00                           _0613_ (net)
                  0.08    0.00   27.30 v _1571_/A (sky130_fd_sc_hd__clkbuf_2)
                  0.15    0.29   27.59 v _1571_/X (sky130_fd_sc_hd__clkbuf_2)
     6    0.02                           _0614_ (net)
                  0.15    0.00   27.60 v _1635_/A (sky130_fd_sc_hd__nor4b_2)
                  0.62    0.77   28.37 ^ _1635_/Y (sky130_fd_sc_hd__nor4b_2)
     4    0.01                           _0677_ (net)
                  0.62    0.00   28.37 ^ _1772_/A1 (sky130_fd_sc_hd__o2111a_1)
                  0.19    0.71   29.08 ^ _1772_/X (sky130_fd_sc_hd__o2111a_1)
     2    0.01                           _0811_ (net)
                  0.19    0.00   29.08 ^ _1980_/A1 (sky130_fd_sc_hd__o211a_1)
                  0.25    0.54   29.62 ^ _1980_/X (sky130_fd_sc_hd__o211a_1)
     2    0.02                           _1019_ (net)
                  0.25    0.00   29.62 ^ _2131_/A2 (sky130_fd_sc_hd__a311o_2)
                  0.26    0.62   30.24 ^ _2131_/X (sky130_fd_sc_hd__a311o_2)
     4    0.03                           _1182_ (net)
                  0.26    0.00   30.24 ^ _2403_/A1 (sky130_fd_sc_hd__a31oi_4)
                  0.31    0.38   30.62 v _2403_/Y (sky130_fd_sc_hd__a31oi_4)
     4    0.04                           _0109_ (net)
                  0.31    0.00   30.62 v _2605_/A1 (sky130_fd_sc_hd__o21a_2)
                  0.19    0.64   31.27 v _2605_/X (sky130_fd_sc_hd__o21a_2)
     4    0.03                           _0327_ (net)
                  0.19    0.00   31.27 v _2732_/A1 (sky130_fd_sc_hd__o31a_1)
                  0.18    0.75   32.02 v _2732_/X (sky130_fd_sc_hd__o31a_1)
     3    0.02                           _0462_ (net)
                  0.18    0.00   32.02 v _2758_/A2 (sky130_fd_sc_hd__o31ai_2)
                  0.44    0.56   32.58 ^ _2758_/Y (sky130_fd_sc_hd__o31ai_2)
     2    0.01                           _0488_ (net)
                  0.44    0.00   32.58 ^ _2760_/A2 (sky130_fd_sc_hd__a211o_1)
                  0.27    0.55   33.13 ^ _2760_/X (sky130_fd_sc_hd__a211o_1)
     1    0.02                           net57 (net)
                  0.27    0.00   33.13 ^ output57/A (sky130_fd_sc_hd__clkbuf_4)
                  0.18    0.44   33.58 ^ output57/X (sky130_fd_sc_hd__clkbuf_4)
     1    0.03                           product[31] (net)
                  0.18    0.00   33.58 ^ product[31] (out)
                                 33.58   data arrival time

                  0.00  100.00  100.00   clock clk (rise edge)
                          0.00  100.00   clock network delay (ideal)
                         -0.25   99.75   clock uncertainty
                          0.00   99.75   clock reconvergence pessimism
                        -20.00   79.75   output external delay
                                 79.75   data required time
-----------------------------------------------------------------------------
                                 79.75   data required time
                                -33.58   data arrival time
-----------------------------------------------------------------------------
                                 46.17   slack (MET)



======================= Typical Corner ===================================

Startpoint: mcand[4] (input port clocked by clk)
Endpoint: product[31] (output port clocked by clk)
Path Group: clk
Path Type: max
Corner: Typical

Fanout     Cap    Slew   Delay    Time   Description
-----------------------------------------------------------------------------
                  0.00    0.00    0.00   clock clk (rise edge)
                          0.00    0.00   clock network delay (ideal)
                         20.00   20.00 ^ input external delay
                  0.02    0.01   20.01 ^ mcand[4] (in)
     1    0.00                           mcand[4] (net)
                  0.02    0.00   20.01 ^ input11/A (sky130_fd_sc_hd__clkbuf_2)
                  0.15    0.18   20.19 ^ input11/X (sky130_fd_sc_hd__clkbuf_2)
     5    0.03                           net11 (net)
                  0.15    0.00   20.20 ^ _1412_/A (sky130_fd_sc_hd__buf_2)
                  0.17    0.24   20.44 ^ _1412_/X (sky130_fd_sc_hd__buf_2)
    10    0.03                           _0117_ (net)
                  0.17    0.00   20.44 ^ _1600_/A (sky130_fd_sc_hd__buf_2)
                  0.19    0.27   20.71 ^ _1600_/X (sky130_fd_sc_hd__buf_2)
    10    0.04                           _0642_ (net)
                  0.19    0.00   20.71 ^ _1602_/A1 (sky130_fd_sc_hd__a22o_1)
                  0.05    0.18   20.89 ^ _1602_/X (sky130_fd_sc_hd__a22o_1)
     1    0.00                           _0644_ (net)
                  0.05    0.00   20.89 ^ _1603_/B1_N (sky130_fd_sc_hd__a21bo_1)
                  0.06    0.24   21.13 v _1603_/X (sky130_fd_sc_hd__a21bo_1)
     2    0.01                           _0645_ (net)
                  0.06    0.00   21.13 v _1654_/B1 (sky130_fd_sc_hd__o2bb2a_1)
                  0.09    0.36   21.49 v _1654_/X (sky130_fd_sc_hd__o2bb2a_1)
     2    0.01                           _0695_ (net)
                  0.09    0.00   21.49 v _1660_/A (sky130_fd_sc_hd__xor2_1)
                  0.19    0.24   21.72 ^ _1660_/X (sky130_fd_sc_hd__xor2_1)
     2    0.01                           _0701_ (net)
                  0.19    0.00   21.72 ^ _1661_/B (sky130_fd_sc_hd__xor2_1)
                  0.25    0.28   22.00 ^ _1661_/X (sky130_fd_sc_hd__xor2_1)
     3    0.01                           _0702_ (net)
                  0.25    0.00   22.00 ^ _1715_/A (sky130_fd_sc_hd__nand3_1)
                  0.11    0.14   22.15 v _1715_/Y (sky130_fd_sc_hd__nand3_1)
     2    0.01                           _0755_ (net)
                  0.11    0.00   22.15 v _1755_/A2 (sky130_fd_sc_hd__a211o_1)
                  0.08    0.37   22.52 v _1755_/X (sky130_fd_sc_hd__a211o_1)
     3    0.01                           _0795_ (net)
                  0.08    0.00   22.52 v _1757_/B (sky130_fd_sc_hd__and3_2)
                  0.07    0.26   22.78 v _1757_/X (sky130_fd_sc_hd__and3_2)
     5    0.02                           _0797_ (net)
                  0.07    0.00   22.78 v _1760_/A1 (sky130_fd_sc_hd__o211a_1)
                  0.06    0.26   23.04 v _1760_/X (sky130_fd_sc_hd__o211a_1)
     2    0.01                           _0800_ (net)
                  0.06    0.00   23.04 v _1761_/C (sky130_fd_sc_hd__or3_2)
                  0.13    0.51   23.55 v _1761_/X (sky130_fd_sc_hd__or3_2)
     5    0.02                           _0801_ (net)
                  0.13    0.00   23.55 v _1835_/A2 (sky130_fd_sc_hd__a211o_2)
                  0.11    0.45   24.01 v _1835_/X (sky130_fd_sc_hd__a211o_2)
     4    0.03                           _0874_ (net)
                  0.11    0.00   24.01 v _1837_/B (sky130_fd_sc_hd__and3_1)
                  0.05    0.21   24.22 v _1837_/X (sky130_fd_sc_hd__and3_1)
     2    0.01                           _0876_ (net)
                  0.05    0.00   24.22 v _1839_/A (sky130_fd_sc_hd__nor2_1)
                  0.22    0.22   24.44 ^ _1839_/Y (sky130_fd_sc_hd__nor2_1)
     2    0.01                           _0878_ (net)
                  0.22    0.00   24.44 ^ _1980_/B1 (sky130_fd_sc_hd__o211a_1)
                  0.16    0.29   24.73 ^ _1980_/X (sky130_fd_sc_hd__o211a_1)
     2    0.02                           _1019_ (net)
                  0.16    0.00   24.73 ^ _2131_/A2 (sky130_fd_sc_hd__a311o_2)
                  0.15    0.30   25.03 ^ _2131_/X (sky130_fd_sc_hd__a311o_2)
     4    0.03                           _1182_ (net)
                  0.15    0.00   25.03 ^ _2403_/A1 (sky130_fd_sc_hd__a31oi_4)
                  0.15    0.18   25.21 v _2403_/Y (sky130_fd_sc_hd__a31oi_4)
     4    0.04                           _0109_ (net)
                  0.15    0.00   25.22 v _2605_/A1 (sky130_fd_sc_hd__o21a_2)
                  0.10    0.34   25.55 v _2605_/X (sky130_fd_sc_hd__o21a_2)
     4    0.03                           _0327_ (net)
                  0.10    0.00   25.56 v _2732_/A1 (sky130_fd_sc_hd__o31a_1)
                  0.10    0.39   25.95 v _2732_/X (sky130_fd_sc_hd__o31a_1)
     3    0.02                           _0462_ (net)
                  0.10    0.00   25.95 v _2758_/A2 (sky130_fd_sc_hd__o31ai_2)
                  0.28    0.33   26.27 ^ _2758_/Y (sky130_fd_sc_hd__o31ai_2)
     2    0.01                           _0488_ (net)
                  0.28    0.00   26.28 ^ _2760_/A2 (sky130_fd_sc_hd__a211o_1)
                  0.17    0.28   26.56 ^ _2760_/X (sky130_fd_sc_hd__a211o_1)
     1    0.02                           net57 (net)
                  0.17    0.00   26.56 ^ output57/A (sky130_fd_sc_hd__clkbuf_4)
                  0.11    0.24   26.80 ^ output57/X (sky130_fd_sc_hd__clkbuf_4)
     1    0.03                           product[31] (net)
                  0.11    0.00   26.80 ^ product[31] (out)
                                 26.80   data arrival time

                  0.00  100.00  100.00   clock clk (rise edge)
                          0.00  100.00   clock network delay (ideal)
                         -0.25   99.75   clock uncertainty
                          0.00   99.75   clock reconvergence pessimism
                        -20.00   79.75   output external delay
                                 79.75   data required time
-----------------------------------------------------------------------------
                                 79.75   data required time
                                -26.80   data arrival time
-----------------------------------------------------------------------------
                                 52.95   slack (MET)




===========================================================================
report_checks --slack_max -0.01
============================================================================
======================= Fastest Corner ===================================

No paths found.

======================= Slowest Corner ===================================

No paths found.

======================= Typical Corner ===================================

No paths found.


===========================================================================
 report_check_types -max_slew -max_cap -max_fanout -violators
============================================================================
======================= Fastest Corner ===================================

max fanout

Pin                                   Limit Fanout  Slack
---------------------------------------------------------
_1439_/X                                 10     11        (VIOLATED)
_1781_/X                                 10     11        (VIOLATED)
input3/X                                 10     11        (VIOLATED)


======================= Slowest Corner ===================================

max slew

Pin                                    Limit    Slew   Slack
------------------------------------------------------------
output58/A                              0.75    0.96   -0.21 (VIOLATED)
_1411_/Y                                0.75    0.96   -0.21 (VIOLATED)

max fanout

Pin                                   Limit Fanout  Slack
---------------------------------------------------------
_1439_/X                                 10     11        (VIOLATED)
_1781_/X                                 10     11        (VIOLATED)
input3/X                                 10     11        (VIOLATED)


======================= Typical Corner ===================================

max fanout

Pin                                   Limit Fanout  Slack
---------------------------------------------------------
_1439_/X                                 10     11        (VIOLATED)
_1781_/X                                 10     11        (VIOLATED)
input3/X                                 10     11        (VIOLATED)



===========================================================================
report_parasitic_annotation -report_unannotated
============================================================================
Found 0 unannotated drivers.
Found 0 partially unannotated drivers.

===========================================================================
max slew violation count 2
max fanout violation count 3
max cap violation count 0
============================================================================

===========================================================================
check_setup -verbose -unconstrained_endpoints -multiple_clock -no_clock -no_input_delay -loops -generated_clocks
===========================================================================
