
===========================================================================
report_checks -unconstrained
===========================================================================
======================= Typical Corner ===================================

Startpoint: mcand[4] (input port clocked by clk)
Endpoint: product[31] (output port clocked by clk)
Path Group: clk
Path Type: max

Fanout     Cap    Slew   Delay    Time   Description
-----------------------------------------------------------------------------
                  0.00    0.00    0.00   clock clk (rise edge)
                          0.00    0.00   clock network delay (ideal)
                         20.00   20.00 ^ input external delay
                  0.02    0.01   20.01 ^ mcand[4] (in)
     1    0.00                           mcand[4] (net)
                  0.02    0.00   20.01 ^ input11/A (sky130_fd_sc_hd__clkbuf_2)
                  0.15    0.18   20.19 ^ input11/X (sky130_fd_sc_hd__clkbuf_2)
     5    0.03                           net11 (net)
                  0.15    0.00   20.20 ^ _1412_/A (sky130_fd_sc_hd__buf_2)
                  0.17    0.24   20.44 ^ _1412_/X (sky130_fd_sc_hd__buf_2)
    10    0.03                           _0117_ (net)
                  0.17    0.00   20.44 ^ _1600_/A (sky130_fd_sc_hd__buf_2)
                  0.19    0.27   20.71 ^ _1600_/X (sky130_fd_sc_hd__buf_2)
    10    0.04                           _0642_ (net)
                  0.19    0.00   20.71 ^ _1602_/A1 (sky130_fd_sc_hd__a22o_1)
                  0.05    0.18   20.89 ^ _1602_/X (sky130_fd_sc_hd__a22o_1)
     1    0.00                           _0644_ (net)
                  0.05    0.00   20.89 ^ _1603_/B1_N (sky130_fd_sc_hd__a21bo_1)
                  0.06    0.24   21.13 v _1603_/X (sky130_fd_sc_hd__a21bo_1)
     2    0.01                           _0645_ (net)
                  0.06    0.00   21.13 v _1654_/B1 (sky130_fd_sc_hd__o2bb2a_1)
                  0.09    0.36   21.49 v _1654_/X (sky130_fd_sc_hd__o2bb2a_1)
     2    0.01                           _0695_ (net)
                  0.09    0.00   21.49 v _1660_/A (sky130_fd_sc_hd__xor2_1)
                  0.19    0.24   21.72 ^ _1660_/X (sky130_fd_sc_hd__xor2_1)
     2    0.01                           _0701_ (net)
                  0.19    0.00   21.72 ^ _1661_/B (sky130_fd_sc_hd__xor2_1)
                  0.25    0.28   22.00 ^ _1661_/X (sky130_fd_sc_hd__xor2_1)
     3    0.01                           _0702_ (net)
                  0.25    0.00   22.00 ^ _1715_/A (sky130_fd_sc_hd__nand3_1)
                  0.11    0.14   22.15 v _1715_/Y (sky130_fd_sc_hd__nand3_1)
     2    0.01                           _0755_ (net)
                  0.11    0.00   22.15 v _1755_/A2 (sky130_fd_sc_hd__a211o_1)
                  0.08    0.37   22.52 v _1755_/X (sky130_fd_sc_hd__a211o_1)
     3    0.01                           _0795_ (net)
                  0.08    0.00   22.52 v _1757_/B (sky130_fd_sc_hd__and3_2)
                  0.07    0.26   22.78 v _1757_/X (sky130_fd_sc_hd__and3_2)
     5    0.02                           _0797_ (net)
                  0.07    0.00   22.78 v _1760_/A1 (sky130_fd_sc_hd__o211a_1)
                  0.06    0.26   23.04 v _1760_/X (sky130_fd_sc_hd__o211a_1)
     2    0.01                           _0800_ (net)
                  0.06    0.00   23.04 v _1761_/C (sky130_fd_sc_hd__or3_2)
                  0.13    0.51   23.55 v _1761_/X (sky130_fd_sc_hd__or3_2)
     5    0.02                           _0801_ (net)
                  0.13    0.00   23.55 v _1835_/A2 (sky130_fd_sc_hd__a211o_2)
                  0.11    0.45   24.01 v _1835_/X (sky130_fd_sc_hd__a211o_2)
     4    0.03                           _0874_ (net)
                  0.11    0.00   24.01 v _1837_/B (sky130_fd_sc_hd__and3_1)
                  0.05    0.21   24.22 v _1837_/X (sky130_fd_sc_hd__and3_1)
     2    0.01                           _0876_ (net)
                  0.05    0.00   24.22 v _1839_/A (sky130_fd_sc_hd__nor2_1)
                  0.22    0.22   24.44 ^ _1839_/Y (sky130_fd_sc_hd__nor2_1)
     2    0.01                           _0878_ (net)
                  0.22    0.00   24.44 ^ _1980_/B1 (sky130_fd_sc_hd__o211a_1)
                  0.16    0.29   24.73 ^ _1980_/X (sky130_fd_sc_hd__o211a_1)
     2    0.02                           _1019_ (net)
                  0.16    0.00   24.73 ^ _2131_/A2 (sky130_fd_sc_hd__a311o_2)
                  0.15    0.30   25.03 ^ _2131_/X (sky130_fd_sc_hd__a311o_2)
     4    0.03                           _1182_ (net)
                  0.15    0.00   25.03 ^ _2403_/A1 (sky130_fd_sc_hd__a31oi_4)
                  0.15    0.18   25.21 v _2403_/Y (sky130_fd_sc_hd__a31oi_4)
     4    0.04                           _0109_ (net)
                  0.15    0.00   25.22 v _2605_/A1 (sky130_fd_sc_hd__o21a_2)
                  0.10    0.34   25.55 v _2605_/X (sky130_fd_sc_hd__o21a_2)
     4    0.03                           _0327_ (net)
                  0.10    0.00   25.56 v _2732_/A1 (sky130_fd_sc_hd__o31a_1)
                  0.10    0.39   25.95 v _2732_/X (sky130_fd_sc_hd__o31a_1)
     3    0.02                           _0462_ (net)
                  0.10    0.00   25.95 v _2758_/A2 (sky130_fd_sc_hd__o31ai_2)
                  0.28    0.33   26.27 ^ _2758_/Y (sky130_fd_sc_hd__o31ai_2)
     2    0.01                           _0488_ (net)
                  0.28    0.00   26.28 ^ _2760_/A2 (sky130_fd_sc_hd__a211o_1)
                  0.17    0.28   26.56 ^ _2760_/X (sky130_fd_sc_hd__a211o_1)
     1    0.02                           net57 (net)
                  0.17    0.00   26.56 ^ output57/A (sky130_fd_sc_hd__clkbuf_4)
                  0.11    0.24   26.80 ^ output57/X (sky130_fd_sc_hd__clkbuf_4)
     1    0.03                           product[31] (net)
                  0.11    0.00   26.80 ^ product[31] (out)
                                 26.80   data arrival time

                  0.00  100.00  100.00   clock clk (rise edge)
                          0.00  100.00   clock network delay (ideal)
                         -0.25   99.75   clock uncertainty
                          0.00   99.75   clock reconvergence pessimism
                        -20.00   79.75   output external delay
                                 79.75   data required time
-----------------------------------------------------------------------------
                                 79.75   data required time
                                -26.80   data arrival time
-----------------------------------------------------------------------------
                                 52.95   slack (MET)




===========================================================================
report_checks --slack_max -0.01
============================================================================
======================= Typical Corner ===================================

No paths found.


===========================================================================
 report_check_types -max_slew -max_cap -max_fanout -violators
============================================================================
======================= Typical Corner ===================================

max fanout

Pin                                   Limit Fanout  Slack
---------------------------------------------------------
_1439_/X                                 10     11        (VIOLATED)
_1781_/X                                 10     11        (VIOLATED)
input3/X                                 10     11        (VIOLATED)



===========================================================================
report_parasitic_annotation -report_unannotated
============================================================================
Found 0 unannotated drivers.
Found 0 partially unannotated drivers.

===========================================================================
max slew violation count 0
max fanout violation count 3
max cap violation count 0
============================================================================

===========================================================================
check_setup -verbose -unconstrained_endpoints -multiple_clock -no_clock -no_input_delay -loops -generated_clocks
===========================================================================
