
===========================================================================
report_checks -unconstrained
===========================================================================
======================= Typical Corner ===================================

Startpoint: mcand[7] (input port clocked by clk)
Endpoint: _435_ (rising edge-triggered flip-flop clocked by clk)
Path Group: clk
Path Type: max

Fanout     Cap    Slew   Delay    Time   Description
-----------------------------------------------------------------------------
                  0.15    0.00    0.00   clock clk (rise edge)
                          0.00    0.00   clock network delay (ideal)
                          4.00    4.00 v input external delay
                  0.02    0.02    4.02 v mcand[7] (in)
     3    0.01                           mcand[7] (net)
                  0.02    0.00    4.02 v _283_/B (sky130_fd_sc_hd__or2_2)
                  0.07    0.30    4.31 v _283_/X (sky130_fd_sc_hd__or2_2)
     3    0.01                           _104_ (net)
                  0.07    0.00    4.31 v _290_/C (sky130_fd_sc_hd__and3_2)
                  0.04    0.23    4.54 v _290_/X (sky130_fd_sc_hd__and3_2)
     2    0.00                           _110_ (net)
                  0.04    0.00    4.54 v _294_/B1 (sky130_fd_sc_hd__a221o_2)
                  0.06    0.35    4.90 v _294_/X (sky130_fd_sc_hd__a221o_2)
     1    0.00                           _114_ (net)
                  0.06    0.00    4.90 v _295_/B1 (sky130_fd_sc_hd__a21oi_2)
                  0.23    0.22    5.12 ^ _295_/Y (sky130_fd_sc_hd__a21oi_2)
     4    0.02                           _115_ (net)
                  0.23    0.00    5.12 ^ _311_/A1 (sky130_fd_sc_hd__o211ai_2)
                  0.10    0.15    5.27 v _311_/Y (sky130_fd_sc_hd__o211ai_2)
     3    0.01                           _129_ (net)
                  0.10    0.00    5.27 v _331_/A3 (sky130_fd_sc_hd__a41o_2)
                  0.06    0.33    5.60 v _331_/X (sky130_fd_sc_hd__a41o_2)
     4    0.01                           _147_ (net)
                  0.06    0.00    5.60 v _349_/A2 (sky130_fd_sc_hd__a41o_2)
                  0.06    0.29    5.89 v _349_/X (sky130_fd_sc_hd__a41o_2)
     3    0.01                           _163_ (net)
                  0.06    0.00    5.89 v _351_/A2 (sky130_fd_sc_hd__o21a_2)
                  0.03    0.20    6.09 v _351_/X (sky130_fd_sc_hd__o21a_2)
     1    0.00                           _165_ (net)
                  0.03    0.00    6.09 v _352_/B2 (sky130_fd_sc_hd__a221o_2)
                  0.05    0.36    6.45 v _352_/X (sky130_fd_sc_hd__a221o_2)
     1    0.00                           _166_ (net)
                  0.05    0.00    6.45 v _353_/C1 (sky130_fd_sc_hd__o211a_2)
                  0.04    0.12    6.56 v _353_/X (sky130_fd_sc_hd__o211a_2)
     1    0.00                           _016_ (net)
                  0.04    0.00    6.56 v _435_/D (sky130_fd_sc_hd__dfxtp_2)
                                  6.56   data arrival time

                  0.15   20.00   20.00   clock clk (rise edge)
                          0.00   20.00   clock network delay (ideal)
                         -0.25   19.75   clock uncertainty
                          0.00   19.75   clock reconvergence pessimism
                                 19.75 ^ _435_/CLK (sky130_fd_sc_hd__dfxtp_2)
                         -0.09   19.66   library setup time
                                 19.66   data required time
-----------------------------------------------------------------------------
                                 19.66   data required time
                                 -6.56   data arrival time
-----------------------------------------------------------------------------
                                 13.10   slack (MET)




===========================================================================
report_checks --slack_max -0.01
============================================================================
======================= Typical Corner ===================================

No paths found.


===========================================================================
 report_check_types -max_slew -max_cap -max_fanout -violators
============================================================================
======================= Typical Corner ===================================



===========================================================================
report_parasitic_annotation -report_unannotated
============================================================================
Found 284 unannotated drivers.
 clk
 mcand[0]
 mcand[10]
 mcand[11]
 mcand[12]
 mcand[13]
 mcand[14]
 mcand[15]
 mcand[1]
 mcand[2]
 mcand[3]
 mcand[4]
 mcand[5]
 mcand[6]
 mcand[7]
 mcand[8]
 mcand[9]
 mplier[0]
 mplier[10]
 mplier[11]
 mplier[12]
 mplier[13]
 mplier[14]
 mplier[15]
 mplier[1]
 mplier[2]
 mplier[3]
 mplier[4]
 mplier[5]
 mplier[6]
 mplier[7]
 mplier[8]
 mplier[9]
 st
 _209_/X
 _210_/X
 _211_/X
 _212_/Y
 _213_/Y
 _214_/Y
 _215_/X
 _216_/Y
 _217_/X
 _218_/X
 _219_/X
 _220_/Y
 _221_/Y
 _222_/X
 _223_/X
 _224_/Y
 _225_/Y
 _226_/X
 _227_/Y
 _228_/X
 _229_/Y
 _230_/Y
 _231_/X
 _232_/Y
 _233_/X
 _234_/X
 _235_/X
 _236_/X
 _237_/X
 _238_/Y
 _239_/X
 _240_/X
 _241_/X
 _242_/Y
 _243_/Y
 _244_/X
 _245_/Y
 _246_/X
 _247_/Y
 _248_/X
 _249_/X
 _250_/Y
 _251_/Y
 _252_/X
 _253_/Y
 _254_/X
 _255_/X
 _256_/Y
 _257_/X
 _258_/Y
 _259_/Y
 _260_/X
 _261_/Y
 _262_/Y
 _263_/Y
 _264_/X
 _265_/Y
 _266_/Y
 _267_/X
 _268_/X
 _269_/X
 _270_/X
 _271_/X
 _272_/X
 _273_/Y
 _274_/X
 _275_/X
 _276_/X
 _277_/Y
 _278_/X
 _279_/Y
 _280_/Y
 _281_/X
 _282_/Y
 _283_/X
 _284_/Y
 _285_/Y
 _286_/Y
 _287_/Y
 _288_/X
 _289_/X
 _290_/X
 _291_/X
 _292_/X
 _293_/X
 _294_/X
 _295_/Y
 _296_/Y
 _297_/X
 _298_/Y
 _299_/Y
 _300_/X
 _301_/X
 _302_/X
 _303_/Y
 _304_/X
 _305_/Y
 _306_/X
 _307_/Y
 _308_/Y
 _309_/X
 _310_/X
 _311_/Y
 _312_/Y
 _313_/Y
 _314_/Y
 _315_/X
 _316_/Y
 _317_/Y
 _318_/X
 _319_/Y
 _320_/Y
 _321_/Y
 _322_/Y
 _323_/X
 _324_/X
 _325_/X
 _326_/Y
 _327_/Y
 _328_/Y
 _329_/X
 _330_/X
 _331_/X
 _332_/Y
 _333_/X
 _334_/X
 _335_/X
 _336_/Y
 _337_/X
 _338_/Y
 _339_/X
 _340_/Y
 _341_/X
 _342_/X
 _343_/X
 _344_/Y
 _345_/X
 _346_/X
 _347_/X
 _348_/X
 _349_/X
 _350_/Y
 _351_/X
 _352_/X
 _353_/X
 _354_/X
 _355_/X
 _356_/Y
 _357_/Y
 _358_/X
 _359_/X
 _360_/X
 _361_/Y
 _362_/Y
 _363_/X
 _364_/X
 _365_/X
 _366_/X
 _367_/X
 _368_/X
 _369_/X
 _370_/X
 _371_/X
 _372_/Y
 _373_/X
 _374_/X
 _375_/X
 _376_/X
 _377_/X
 _378_/X
 _379_/X
 _380_/X
 _381_/X
 _382_/X
 _383_/X
 _384_/X
 _385_/X
 _386_/X
 _387_/X
 _388_/X
 _389_/X
 _390_/X
 _391_/X
 _392_/X
 _393_/X
 _394_/X
 _395_/X
 _396_/X
 _397_/X
 _398_/X
 _399_/X
 _400_/X
 _401_/X
 _402_/X
 _403_/X
 _404_/X
 _405_/X
 _406_/X
 _407_/Y
 _408_/X
 _409_/X
 _410_/X
 _411_/Y
 _412_/X
 _413_/Y
 _414_/X
 _415_/Y
 _416_/Y
 _417_/X
 _418_/X
 _419_/Q
 _420_/Q
 _421_/Q
 _422_/Q
 _423_/Q
 _424_/Q
 _425_/Q
 _426_/Q
 _427_/Q
 _428_/Q
 _429_/Q
 _430_/Q
 _431_/Q
 _432_/Q
 _433_/Q
 _434_/Q
 _435_/Q
 _436_/Q
 _437_/Q
 _438_/Q
 _439_/Q
 _440_/Q
 _441_/Q
 _442_/Q
 _443_/Q
 _444_/Q
 _445_/Q
 _446_/Q
 _447_/Q
 _448_/Q
 _449_/Q
 _450_/Q
 _451_/Q
 _452_/Q
 _453_/Q
 _454_/Q
 _455_/Q
 _456_/Q
 _457_/Q
 _458_/Q
Found 0 partially unannotated drivers.

===========================================================================
max slew violation count 0
max fanout violation count 0
max cap violation count 0
============================================================================

===========================================================================
check_setup -verbose -unconstrained_endpoints -multiple_clock -no_clock -no_input_delay -loops -generated_clocks
===========================================================================
