
===========================================================================
report_checks -unconstrained
===========================================================================
======================= Fastest Corner ===================================

Startpoint: mplier[8] (input port clocked by clk)
Endpoint: product[31] (output port clocked by clk)
Path Group: clk
Path Type: max
Corner: Fastest

Fanout     Cap    Slew   Delay    Time   Description
-----------------------------------------------------------------------------
                  0.00    0.00    0.00   clock clk (rise edge)
                          0.00    0.00   clock network delay (ideal)
                         20.00   20.00 ^ input external delay
                  0.01    0.01   20.01 ^ mplier[8] (in)
     1    0.00                           mplier[8] (net)
                  0.01    0.00   20.01 ^ input31/A (sky130_fd_sc_hd__buf_2)
                  0.19    0.17   20.18 ^ input31/X (sky130_fd_sc_hd__buf_2)
     4    0.05                           net31 (net)
                  0.19    0.02   20.20 ^ _1607_/A (sky130_fd_sc_hd__clkbuf_4)
                  0.12    0.20   20.40 ^ _1607_/X (sky130_fd_sc_hd__clkbuf_4)
    10    0.05                           _0649_ (net)
                  0.12    0.00   20.40 ^ _1732_/A (sky130_fd_sc_hd__clkbuf_4)
                  0.14    0.20   20.60 ^ _1732_/X (sky130_fd_sc_hd__clkbuf_4)
    10    0.06                           _0772_ (net)
                  0.14    0.00   20.60 ^ _1880_/A (sky130_fd_sc_hd__clkbuf_4)
                  0.15    0.20   20.81 ^ _1880_/X (sky130_fd_sc_hd__clkbuf_4)
    10    0.06                           _0918_ (net)
                  0.15    0.00   20.81 ^ _1881_/A2_N (sky130_fd_sc_hd__o2bb2a_1)
                  0.04    0.15   20.96 v _1881_/X (sky130_fd_sc_hd__o2bb2a_1)
     1    0.00                           _0919_ (net)
                  0.04    0.00   20.96 v _1882_/B (sky130_fd_sc_hd__nor2_1)
                  0.22    0.19   21.15 ^ _1882_/Y (sky130_fd_sc_hd__nor2_1)
     3    0.02                           _0920_ (net)
                  0.22    0.00   21.15 ^ _1892_/A (sky130_fd_sc_hd__nand3_2)
                  0.09    0.09   21.24 v _1892_/Y (sky130_fd_sc_hd__nand3_2)
     2    0.01                           _0930_ (net)
                  0.09    0.00   21.24 v _1896_/A1 (sky130_fd_sc_hd__a21o_1)
                  0.05    0.15   21.39 v _1896_/X (sky130_fd_sc_hd__a21o_1)
     3    0.01                           _0934_ (net)
                  0.05    0.00   21.39 v _1897_/C (sky130_fd_sc_hd__and3_1)
                  0.06    0.16   21.55 v _1897_/X (sky130_fd_sc_hd__and3_1)
     2    0.01                           _0935_ (net)
                  0.06    0.00   21.55 v _1900_/A1 (sky130_fd_sc_hd__o211a_1)
                  0.04    0.17   21.72 v _1900_/X (sky130_fd_sc_hd__o211a_1)
     2    0.01                           _0938_ (net)
                  0.04    0.00   21.72 v _1901_/D (sky130_fd_sc_hd__nor4_1)
                  0.23    0.18   21.91 ^ _1901_/Y (sky130_fd_sc_hd__nor4_1)
     2    0.01                           _0939_ (net)
                  0.23    0.00   21.91 ^ max_cap67/A (sky130_fd_sc_hd__dlymetal6s2s_1)
                  0.15    0.17   22.08 ^ max_cap67/X (sky130_fd_sc_hd__dlymetal6s2s_1)
     2    0.02                           net67 (net)
                  0.15    0.00   22.08 ^ _1904_/A1 (sky130_fd_sc_hd__o211ai_4)
                  0.06    0.07   22.15 v _1904_/Y (sky130_fd_sc_hd__o211ai_4)
     2    0.01                           _0942_ (net)
                  0.06    0.00   22.15 v _1906_/A2 (sky130_fd_sc_hd__a211o_1)
                  0.07    0.24   22.39 v _1906_/X (sky130_fd_sc_hd__a211o_1)
     2    0.02                           _0944_ (net)
                  0.07    0.00   22.39 v _1908_/A2 (sky130_fd_sc_hd__a211o_1)
                  0.04    0.21   22.60 v _1908_/X (sky130_fd_sc_hd__a211o_1)
     1    0.01                           _0946_ (net)
                  0.04    0.00   22.60 v _1909_/B (sky130_fd_sc_hd__nand2_2)
                  0.10    0.10   22.70 ^ _1909_/Y (sky130_fd_sc_hd__nand2_2)
     2    0.02                           _0947_ (net)
                  0.10    0.00   22.70 ^ _1910_/B (sky130_fd_sc_hd__xor2_4)
                  0.15    0.15   22.86 ^ _1910_/X (sky130_fd_sc_hd__xor2_4)
     2    0.02                           _0948_ (net)
                  0.15    0.00   22.86 ^ _1980_/C1 (sky130_fd_sc_hd__o211a_1)
                  0.13    0.16   23.02 ^ _1980_/X (sky130_fd_sc_hd__o211a_1)
     2    0.02                           _1019_ (net)
                  0.13    0.00   23.02 ^ _2131_/A2 (sky130_fd_sc_hd__a311o_2)
                  0.11    0.19   23.21 ^ _2131_/X (sky130_fd_sc_hd__a311o_2)
     4    0.03                           _1182_ (net)
                  0.11    0.00   23.21 ^ _2403_/A1 (sky130_fd_sc_hd__a31oi_4)
                  0.11    0.11   23.33 v _2403_/Y (sky130_fd_sc_hd__a31oi_4)
     4    0.04                           _0109_ (net)
                  0.11    0.01   23.33 v _2605_/A1 (sky130_fd_sc_hd__o21a_2)
                  0.08    0.22   23.55 v _2605_/X (sky130_fd_sc_hd__o21a_2)
     4    0.04                           _0327_ (net)
                  0.08    0.01   23.56 v _2732_/A1 (sky130_fd_sc_hd__o31a_1)
                  0.07    0.25   23.80 v _2732_/X (sky130_fd_sc_hd__o31a_1)
     3    0.02                           _0462_ (net)
                  0.07    0.00   23.81 v _2758_/A2 (sky130_fd_sc_hd__o31ai_2)
                  0.21    0.23   24.03 ^ _2758_/Y (sky130_fd_sc_hd__o31ai_2)
     2    0.01                           _0488_ (net)
                  0.21    0.00   24.04 ^ _2760_/A2 (sky130_fd_sc_hd__a211o_1)
                  0.14    0.18   24.21 ^ _2760_/X (sky130_fd_sc_hd__a211o_1)
     1    0.02                           net57 (net)
                  0.14    0.00   24.22 ^ output57/A (sky130_fd_sc_hd__clkbuf_4)
                  0.09    0.16   24.38 ^ output57/X (sky130_fd_sc_hd__clkbuf_4)
     1    0.03                           product[31] (net)
                  0.09    0.00   24.38 ^ product[31] (out)
                                 24.38   data arrival time

                  0.00  100.00  100.00   clock clk (rise edge)
                          0.00  100.00   clock network delay (ideal)
                         -0.25   99.75   clock uncertainty
                          0.00   99.75   clock reconvergence pessimism
                        -20.00   79.75   output external delay
                                 79.75   data required time
-----------------------------------------------------------------------------
                                 79.75   data required time
                                -24.38   data arrival time
-----------------------------------------------------------------------------
                                 55.37   slack (MET)



======================= Slowest Corner ===================================

Startpoint: mplier[6] (input port clocked by clk)
Endpoint: product[31] (output port clocked by clk)
Path Group: clk
Path Type: max
Corner: Slowest

Fanout     Cap    Slew   Delay    Time   Description
-----------------------------------------------------------------------------
                  0.00    0.00    0.00   clock clk (rise edge)
                          0.00    0.00   clock network delay (ideal)
                         20.00   20.00 ^ input external delay
                  0.04    0.02   20.02 ^ mplier[6] (in)
     1    0.00                           mplier[6] (net)
                  0.04    0.00   20.02 ^ input29/A (sky130_fd_sc_hd__clkbuf_2)
                  0.32    0.37   20.39 ^ input29/X (sky130_fd_sc_hd__clkbuf_2)
     4    0.04                           net29 (net)
                  0.32    0.01   20.40 ^ _1470_/A (sky130_fd_sc_hd__clkbuf_4)
                  0.26    0.52   20.92 ^ _1470_/X (sky130_fd_sc_hd__clkbuf_4)
    10    0.05                           _0514_ (net)
                  0.26    0.00   20.92 ^ _1496_/C (sky130_fd_sc_hd__nand4_2)
                  0.25    0.37   21.29 v _1496_/Y (sky130_fd_sc_hd__nand4_2)
     3    0.01                           _0539_ (net)
                  0.25    0.00   21.29 v _1501_/A1 (sky130_fd_sc_hd__a21o_1)
                  0.09    0.42   21.71 v _1501_/X (sky130_fd_sc_hd__a21o_1)
     2    0.01                           _0544_ (net)
                  0.09    0.00   21.71 v _1503_/A2 (sky130_fd_sc_hd__a21o_1)
                  0.11    0.40   22.11 v _1503_/X (sky130_fd_sc_hd__a21o_1)
     3    0.01                           _0546_ (net)
                  0.11    0.00   22.11 v _1554_/A1 (sky130_fd_sc_hd__a21bo_1)
                  0.08    0.36   22.47 v _1554_/X (sky130_fd_sc_hd__a21bo_1)
     2    0.01                           _0597_ (net)
                  0.08    0.00   22.47 v _1555_/C (sky130_fd_sc_hd__and3_2)
                  0.14    0.56   23.03 v _1555_/X (sky130_fd_sc_hd__and3_2)
     4    0.02                           _0598_ (net)
                  0.14    0.00   23.04 v _1557_/B (sky130_fd_sc_hd__nor3_2)
                  0.58    0.61   23.64 ^ _1557_/Y (sky130_fd_sc_hd__nor3_2)
     4    0.02                           _0600_ (net)
                  0.58    0.00   23.64 ^ _1559_/B1 (sky130_fd_sc_hd__a211oi_1)
                  0.17    0.31   23.95 v _1559_/Y (sky130_fd_sc_hd__a211oi_1)
     3    0.01                           _0602_ (net)
                  0.17    0.00   23.95 v _1561_/B (sky130_fd_sc_hd__or3_2)
                  0.22    1.24   25.19 v _1561_/X (sky130_fd_sc_hd__or3_2)
     4    0.01                           _0604_ (net)
                  0.22    0.00   25.19 v _1563_/B1 (sky130_fd_sc_hd__o211a_1)
                  0.15    0.40   25.59 v _1563_/X (sky130_fd_sc_hd__o211a_1)
     4    0.01                           _0606_ (net)
                  0.15    0.00   25.59 v _1566_/B (sky130_fd_sc_hd__or4b_1)
                  0.22    1.32   26.91 v _1566_/X (sky130_fd_sc_hd__or4b_1)
     3    0.01                           _0609_ (net)
                  0.22    0.00   26.91 v _1570_/C (sky130_fd_sc_hd__and4b_1)
                  0.08    0.48   27.39 v _1570_/X (sky130_fd_sc_hd__and4b_1)
     1    0.00                           _0613_ (net)
                  0.08    0.00   27.39 v _1571_/A (sky130_fd_sc_hd__clkbuf_2)
                  0.16    0.29   27.68 v _1571_/X (sky130_fd_sc_hd__clkbuf_2)
     6    0.02                           _0614_ (net)
                  0.16    0.00   27.68 v _1635_/A (sky130_fd_sc_hd__nor4b_2)
                  0.63    0.78   28.46 ^ _1635_/Y (sky130_fd_sc_hd__nor4b_2)
     4    0.01                           _0677_ (net)
                  0.63    0.00   28.46 ^ _1772_/A1 (sky130_fd_sc_hd__o2111a_1)
                  0.19    0.72   29.18 ^ _1772_/X (sky130_fd_sc_hd__o2111a_1)
     2    0.01                           _0811_ (net)
                  0.19    0.00   29.18 ^ _1980_/A1 (sky130_fd_sc_hd__o211a_1)
                  0.28    0.56   29.74 ^ _1980_/X (sky130_fd_sc_hd__o211a_1)
     2    0.02                           _1019_ (net)
                  0.28    0.00   29.74 ^ _2131_/A2 (sky130_fd_sc_hd__a311o_2)
                  0.26    0.63   30.37 ^ _2131_/X (sky130_fd_sc_hd__a311o_2)
     4    0.03                           _1182_ (net)
                  0.26    0.00   30.38 ^ _2403_/A1 (sky130_fd_sc_hd__a31oi_4)
                  0.31    0.39   30.77 v _2403_/Y (sky130_fd_sc_hd__a31oi_4)
     4    0.04                           _0109_ (net)
                  0.31    0.01   30.77 v _2605_/A1 (sky130_fd_sc_hd__o21a_2)
                  0.20    0.66   31.43 v _2605_/X (sky130_fd_sc_hd__o21a_2)
     4    0.04                           _0327_ (net)
                  0.20    0.01   31.43 v _2732_/A1 (sky130_fd_sc_hd__o31a_1)
                  0.19    0.76   32.19 v _2732_/X (sky130_fd_sc_hd__o31a_1)
     3    0.02                           _0462_ (net)
                  0.19    0.00   32.19 v _2758_/A2 (sky130_fd_sc_hd__o31ai_2)
                  0.45    0.56   32.76 ^ _2758_/Y (sky130_fd_sc_hd__o31ai_2)
     2    0.01                           _0488_ (net)
                  0.45    0.00   32.76 ^ _2760_/A2 (sky130_fd_sc_hd__a211o_1)
                  0.29    0.57   33.32 ^ _2760_/X (sky130_fd_sc_hd__a211o_1)
     1    0.02                           net57 (net)
                  0.29    0.00   33.33 ^ output57/A (sky130_fd_sc_hd__clkbuf_4)
                  0.18    0.45   33.78 ^ output57/X (sky130_fd_sc_hd__clkbuf_4)
     1    0.03                           product[31] (net)
                  0.18    0.00   33.78 ^ product[31] (out)
                                 33.78   data arrival time

                  0.00  100.00  100.00   clock clk (rise edge)
                          0.00  100.00   clock network delay (ideal)
                         -0.25   99.75   clock uncertainty
                          0.00   99.75   clock reconvergence pessimism
                        -20.00   79.75   output external delay
                                 79.75   data required time
-----------------------------------------------------------------------------
                                 79.75   data required time
                                -33.78   data arrival time
-----------------------------------------------------------------------------
                                 45.97   slack (MET)



======================= Typical Corner ===================================

Startpoint: mplier[8] (input port clocked by clk)
Endpoint: product[31] (output port clocked by clk)
Path Group: clk
Path Type: max
Corner: Typical

Fanout     Cap    Slew   Delay    Time   Description
-----------------------------------------------------------------------------
                  0.00    0.00    0.00   clock clk (rise edge)
                          0.00    0.00   clock network delay (ideal)
                         20.00   20.00 ^ input external delay
                  0.02    0.01   20.01 ^ mplier[8] (in)
     1    0.00                           mplier[8] (net)
                  0.02    0.00   20.01 ^ input31/A (sky130_fd_sc_hd__buf_2)
                  0.25    0.25   20.26 ^ input31/X (sky130_fd_sc_hd__buf_2)
     4    0.05                           net31 (net)
                  0.25    0.02   20.27 ^ _1607_/A (sky130_fd_sc_hd__clkbuf_4)
                  0.16    0.31   20.58 ^ _1607_/X (sky130_fd_sc_hd__clkbuf_4)
    10    0.05                           _0649_ (net)
                  0.16    0.00   20.58 ^ _1732_/A (sky130_fd_sc_hd__clkbuf_4)
                  0.19    0.29   20.88 ^ _1732_/X (sky130_fd_sc_hd__clkbuf_4)
    10    0.06                           _0772_ (net)
                  0.19    0.00   20.88 ^ _1880_/A (sky130_fd_sc_hd__clkbuf_4)
                  0.19    0.30   21.18 ^ _1880_/X (sky130_fd_sc_hd__clkbuf_4)
    10    0.06                           _0918_ (net)
                  0.19    0.00   21.19 ^ _1881_/A2_N (sky130_fd_sc_hd__o2bb2a_1)
                  0.06    0.26   21.45 v _1881_/X (sky130_fd_sc_hd__o2bb2a_1)
     1    0.00                           _0919_ (net)
                  0.06    0.00   21.45 v _1882_/B (sky130_fd_sc_hd__nor2_1)
                  0.31    0.27   21.72 ^ _1882_/Y (sky130_fd_sc_hd__nor2_1)
     3    0.02                           _0920_ (net)
                  0.31    0.00   21.72 ^ _1892_/A (sky130_fd_sc_hd__nand3_2)
                  0.13    0.17   21.89 v _1892_/Y (sky130_fd_sc_hd__nand3_2)
     2    0.01                           _0930_ (net)
                  0.13    0.00   21.89 v _1896_/A1 (sky130_fd_sc_hd__a21o_1)
                  0.07    0.24   22.13 v _1896_/X (sky130_fd_sc_hd__a21o_1)
     3    0.01                           _0934_ (net)
                  0.07    0.00   22.13 v _1897_/C (sky130_fd_sc_hd__and3_1)
                  0.08    0.24   22.37 v _1897_/X (sky130_fd_sc_hd__and3_1)
     2    0.01                           _0935_ (net)
                  0.08    0.00   22.37 v _1899_/B1 (sky130_fd_sc_hd__a211oi_4)
                  0.33    0.36   22.73 ^ _1899_/Y (sky130_fd_sc_hd__a211oi_4)
     4    0.02                           _0937_ (net)
                  0.33    0.00   22.74 ^ _1901_/C (sky130_fd_sc_hd__nor4_1)
                  0.10    0.12   22.86 v _1901_/Y (sky130_fd_sc_hd__nor4_1)
     2    0.01                           _0939_ (net)
                  0.10    0.00   22.86 v max_cap67/A (sky130_fd_sc_hd__dlymetal6s2s_1)
                  0.10    0.22   23.08 v max_cap67/X (sky130_fd_sc_hd__dlymetal6s2s_1)
     2    0.02                           net67 (net)
                  0.10    0.00   23.08 v _1903_/B1 (sky130_fd_sc_hd__a211o_2)
                  0.09    0.39   23.47 v _1903_/X (sky130_fd_sc_hd__a211o_2)
     3    0.02                           _0941_ (net)
                  0.09    0.00   23.48 v _1906_/A1 (sky130_fd_sc_hd__a211o_1)
                  0.11    0.35   23.82 v _1906_/X (sky130_fd_sc_hd__a211o_1)
     2    0.02                           _0944_ (net)
                  0.11    0.00   23.82 v _1908_/A2 (sky130_fd_sc_hd__a211o_1)
                  0.06    0.34   24.16 v _1908_/X (sky130_fd_sc_hd__a211o_1)
     1    0.01                           _0946_ (net)
                  0.06    0.00   24.16 v _1909_/B (sky130_fd_sc_hd__nand2_2)
                  0.13    0.14   24.30 ^ _1909_/Y (sky130_fd_sc_hd__nand2_2)
     2    0.02                           _0947_ (net)
                  0.13    0.00   24.30 ^ _1910_/B (sky130_fd_sc_hd__xor2_4)
                  0.20    0.23   24.53 ^ _1910_/X (sky130_fd_sc_hd__xor2_4)
     2    0.02                           _0948_ (net)
                  0.20    0.00   24.53 ^ _1980_/C1 (sky130_fd_sc_hd__o211a_1)
                  0.17    0.29   24.82 ^ _1980_/X (sky130_fd_sc_hd__o211a_1)
     2    0.02                           _1019_ (net)
                  0.17    0.00   24.82 ^ _2131_/A2 (sky130_fd_sc_hd__a311o_2)
                  0.16    0.31   25.13 ^ _2131_/X (sky130_fd_sc_hd__a311o_2)
     4    0.03                           _1182_ (net)
                  0.16    0.00   25.13 ^ _2403_/A1 (sky130_fd_sc_hd__a31oi_4)
                  0.16    0.18   25.32 v _2403_/Y (sky130_fd_sc_hd__a31oi_4)
     4    0.04                           _0109_ (net)
                  0.16    0.01   25.32 v _2605_/A1 (sky130_fd_sc_hd__o21a_2)
                  0.10    0.34   25.67 v _2605_/X (sky130_fd_sc_hd__o21a_2)
     4    0.04                           _0327_ (net)
                  0.10    0.01   25.67 v _2732_/A1 (sky130_fd_sc_hd__o31a_1)
                  0.10    0.39   26.06 v _2732_/X (sky130_fd_sc_hd__o31a_1)
     3    0.02                           _0462_ (net)
                  0.10    0.00   26.06 v _2758_/A2 (sky130_fd_sc_hd__o31ai_2)
                  0.28    0.33   26.40 ^ _2758_/Y (sky130_fd_sc_hd__o31ai_2)
     2    0.01                           _0488_ (net)
                  0.28    0.00   26.40 ^ _2760_/A2 (sky130_fd_sc_hd__a211o_1)
                  0.19    0.29   26.69 ^ _2760_/X (sky130_fd_sc_hd__a211o_1)
     1    0.02                           net57 (net)
                  0.19    0.00   26.69 ^ output57/A (sky130_fd_sc_hd__clkbuf_4)
                  0.11    0.25   26.94 ^ output57/X (sky130_fd_sc_hd__clkbuf_4)
     1    0.03                           product[31] (net)
                  0.11    0.00   26.94 ^ product[31] (out)
                                 26.94   data arrival time

                  0.00  100.00  100.00   clock clk (rise edge)
                          0.00  100.00   clock network delay (ideal)
                         -0.25   99.75   clock uncertainty
                          0.00   99.75   clock reconvergence pessimism
                        -20.00   79.75   output external delay
                                 79.75   data required time
-----------------------------------------------------------------------------
                                 79.75   data required time
                                -26.94   data arrival time
-----------------------------------------------------------------------------
                                 52.81   slack (MET)




===========================================================================
report_checks --slack_max -0.01
============================================================================
======================= Fastest Corner ===================================

No paths found.

======================= Slowest Corner ===================================

No paths found.

======================= Typical Corner ===================================

No paths found.


===========================================================================
 report_check_types -max_slew -max_cap -max_fanout -violators
============================================================================
======================= Fastest Corner ===================================

max fanout

Pin                                   Limit Fanout  Slack
---------------------------------------------------------
_1439_/X                                 10     11        (VIOLATED)
_1781_/X                                 10     11        (VIOLATED)
input3/X                                 10     11        (VIOLATED)


======================= Slowest Corner ===================================

max slew

Pin                                    Limit    Slew   Slack
------------------------------------------------------------
output58/A                              0.75    0.98   -0.23 (VIOLATED)
_1411_/Y                                0.75    0.98   -0.23 (VIOLATED)

max fanout

Pin                                   Limit Fanout  Slack
---------------------------------------------------------
_1439_/X                                 10     11        (VIOLATED)
_1781_/X                                 10     11        (VIOLATED)
input3/X                                 10     11        (VIOLATED)


======================= Typical Corner ===================================

max fanout

Pin                                   Limit Fanout  Slack
---------------------------------------------------------
_1439_/X                                 10     11        (VIOLATED)
_1781_/X                                 10     11        (VIOLATED)
input3/X                                 10     11        (VIOLATED)



===========================================================================
report_parasitic_annotation -report_unannotated
============================================================================
Found 0 unannotated drivers.
Found 0 partially unannotated drivers.

===========================================================================
max slew violation count 2
max fanout violation count 3
max cap violation count 0
============================================================================

===========================================================================
check_setup -verbose -unconstrained_endpoints -multiple_clock -no_clock -no_input_delay -loops -generated_clocks
===========================================================================
